Archive member included to satisfy reference by file (symbol)

c:/gnu-arm-embedded-toolchain/gcc-arm-none-eabi-10-2020-q4-major/bin/../lib/gcc/arm-none-eabi/10.2.1/../../../../arm-none-eabi/lib/thumb/v7e-m+fp/hard\libc_nano.a(lib_a-errno.o)
                              build/sysmem.o (__errno)
c:/gnu-arm-embedded-toolchain/gcc-arm-none-eabi-10-2020-q4-major/bin/../lib/gcc/arm-none-eabi/10.2.1/../../../../arm-none-eabi/lib/thumb/v7e-m+fp/hard\libc_nano.a(lib_a-exit.o)
                              c:/gnu-arm-embedded-toolchain/gcc-arm-none-eabi-10-2020-q4-major/bin/../lib/gcc/arm-none-eabi/10.2.1/../../../../arm-none-eabi/lib/thumb/v7e-m+fp/hard/crt0.o (exit)
c:/gnu-arm-embedded-toolchain/gcc-arm-none-eabi-10-2020-q4-major/bin/../lib/gcc/arm-none-eabi/10.2.1/../../../../arm-none-eabi/lib/thumb/v7e-m+fp/hard\libc_nano.a(lib_a-impure.o)
                              c:/gnu-arm-embedded-toolchain/gcc-arm-none-eabi-10-2020-q4-major/bin/../lib/gcc/arm-none-eabi/10.2.1/../../../../arm-none-eabi/lib/thumb/v7e-m+fp/hard\libc_nano.a(lib_a-exit.o) (_global_impure_ptr)
c:/gnu-arm-embedded-toolchain/gcc-arm-none-eabi-10-2020-q4-major/bin/../lib/gcc/arm-none-eabi/10.2.1/../../../../arm-none-eabi/lib/thumb/v7e-m+fp/hard\libc_nano.a(lib_a-init.o)
                              c:/gnu-arm-embedded-toolchain/gcc-arm-none-eabi-10-2020-q4-major/bin/../lib/gcc/arm-none-eabi/10.2.1/../../../../arm-none-eabi/lib/thumb/v7e-m+fp/hard/crt0.o (__libc_init_array)
c:/gnu-arm-embedded-toolchain/gcc-arm-none-eabi-10-2020-q4-major/bin/../lib/gcc/arm-none-eabi/10.2.1/../../../../arm-none-eabi/lib/thumb/v7e-m+fp/hard\libc_nano.a(lib_a-memset.o)
                              c:/gnu-arm-embedded-toolchain/gcc-arm-none-eabi-10-2020-q4-major/bin/../lib/gcc/arm-none-eabi/10.2.1/../../../../arm-none-eabi/lib/thumb/v7e-m+fp/hard/crt0.o (memset)
c:/gnu-arm-embedded-toolchain/gcc-arm-none-eabi-10-2020-q4-major/bin/../lib/gcc/arm-none-eabi/10.2.1/../../../../arm-none-eabi/lib/thumb/v7e-m+fp/hard\libc_nano.a(lib_a-setjmp.o)
                              build/unity.o (setjmp)
c:/gnu-arm-embedded-toolchain/gcc-arm-none-eabi-10-2020-q4-major/bin/../lib/gcc/arm-none-eabi/10.2.1/../../../../arm-none-eabi/lib/thumb/v7e-m+fp/hard\libc_nano.a(lib_a-strlen.o)
                              build/main.o (strlen)
c:/gnu-arm-embedded-toolchain/gcc-arm-none-eabi-10-2020-q4-major/bin/../lib/gcc/arm-none-eabi/10.2.1/../../../../arm-none-eabi/lib/thumb/v7e-m+fp/hard\libc_nano.a(lib_a-strstr.o)
                              build/main.o (strstr)
c:/gnu-arm-embedded-toolchain/gcc-arm-none-eabi-10-2020-q4-major/bin/../lib/gcc/arm-none-eabi/10.2.1/../../../../arm-none-eabi/lib/thumb/v7e-m+fp/hard\libc_nano.a(lib_a-vsprintf.o)
                              build/main.o (vsprintf)
c:/gnu-arm-embedded-toolchain/gcc-arm-none-eabi-10-2020-q4-major/bin/../lib/gcc/arm-none-eabi/10.2.1/../../../../arm-none-eabi/lib/thumb/v7e-m+fp/hard\libc_nano.a(lib_a-nano-svfprintf.o)
                              c:/gnu-arm-embedded-toolchain/gcc-arm-none-eabi-10-2020-q4-major/bin/../lib/gcc/arm-none-eabi/10.2.1/../../../../arm-none-eabi/lib/thumb/v7e-m+fp/hard\libc_nano.a(lib_a-vsprintf.o) (_svfprintf_r)
c:/gnu-arm-embedded-toolchain/gcc-arm-none-eabi-10-2020-q4-major/bin/../lib/gcc/arm-none-eabi/10.2.1/../../../../arm-none-eabi/lib/thumb/v7e-m+fp/hard\libc_nano.a(lib_a-nano-vfprintf_i.o)
                              c:/gnu-arm-embedded-toolchain/gcc-arm-none-eabi-10-2020-q4-major/bin/../lib/gcc/arm-none-eabi/10.2.1/../../../../arm-none-eabi/lib/thumb/v7e-m+fp/hard\libc_nano.a(lib_a-nano-svfprintf.o) (_printf_i)
c:/gnu-arm-embedded-toolchain/gcc-arm-none-eabi-10-2020-q4-major/bin/../lib/gcc/arm-none-eabi/10.2.1/../../../../arm-none-eabi/lib/thumb/v7e-m+fp/hard\libc_nano.a(lib_a-memchr.o)
                              c:/gnu-arm-embedded-toolchain/gcc-arm-none-eabi-10-2020-q4-major/bin/../lib/gcc/arm-none-eabi/10.2.1/../../../../arm-none-eabi/lib/thumb/v7e-m+fp/hard\libc_nano.a(lib_a-nano-svfprintf.o) (memchr)
c:/gnu-arm-embedded-toolchain/gcc-arm-none-eabi-10-2020-q4-major/bin/../lib/gcc/arm-none-eabi/10.2.1/../../../../arm-none-eabi/lib/thumb/v7e-m+fp/hard\libc_nano.a(lib_a-memcpy-stub.o)
                              c:/gnu-arm-embedded-toolchain/gcc-arm-none-eabi-10-2020-q4-major/bin/../lib/gcc/arm-none-eabi/10.2.1/../../../../arm-none-eabi/lib/thumb/v7e-m+fp/hard\libc_nano.a(lib_a-nano-svfprintf.o) (memcpy)
c:/gnu-arm-embedded-toolchain/gcc-arm-none-eabi-10-2020-q4-major/bin/../lib/gcc/arm-none-eabi/10.2.1/../../../../arm-none-eabi/lib/thumb/v7e-m+fp/hard\libc_nano.a(lib_a-memmove.o)
                              c:/gnu-arm-embedded-toolchain/gcc-arm-none-eabi-10-2020-q4-major/bin/../lib/gcc/arm-none-eabi/10.2.1/../../../../arm-none-eabi/lib/thumb/v7e-m+fp/hard\libc_nano.a(lib_a-nano-svfprintf.o) (memmove)
c:/gnu-arm-embedded-toolchain/gcc-arm-none-eabi-10-2020-q4-major/bin/../lib/gcc/arm-none-eabi/10.2.1/../../../../arm-none-eabi/lib/thumb/v7e-m+fp/hard\libc_nano.a(lib_a-nano-freer.o)
[...]
Memory Configuration

Name             Origin             Length             Attributes
RAM              0x20000000         0x00020000         xrw
CCMRAM           0x10000000         0x00010000         xrw
FLASH            0x08000000         0x00080000         xr
*default*        0x00000000         0xffffffff

Linker script and memory map

LOAD c:/gnu-arm-embedded-toolchain/gcc-arm-none-eabi-10-2020-q4-major/bin/../lib/gcc/arm-none-eabi/10.2.1/thumb/v7e-m+fp/hard/crti.o
LOAD c:/gnu-arm-embedded-toolchain/gcc-arm-none-eabi-10-2020-q4-major/bin/../lib/gcc/arm-none-eabi/10.2.1/thumb/v7e-m+fp/hard/crtbegin.o
LOAD c:/gnu-arm-embedded-toolchain/gcc-arm-none-eabi-10-2020-q4-major/bin/../lib/gcc/arm-none-eabi/10.2.1/../../../../arm-none-eabi/lib/thumb/v7e-m+fp/hard/crt0.o
LOAD build/main.o
LOAD build/stm32f4xx_it.o
LOAD build/stm32f4xx_hal_msp.o
LOAD build/stm32f4xx_hal_tim.o
LOAD build/stm32f4xx_hal_tim_ex.o
LOAD build/stm32f4xx_hal_rcc.o
LOAD build/stm32f4xx_hal_rcc_ex.o
LOAD build/stm32f4xx_hal_flash.o
LOAD build/stm32f4xx_hal_flash_ex.o
LOAD build/stm32f4xx_hal_flash_ramfunc.o
LOAD build/stm32f4xx_hal_gpio.o
LOAD build/stm32f4xx_hal_dma_ex.o
LOAD build/stm32f4xx_hal_dma.o
LOAD build/stm32f4xx_hal_pwr.o
LOAD build/stm32f4xx_hal_pwr_ex.o
LOAD build/stm32f4xx_hal_cortex.o
LOAD build/stm32f4xx_hal.o
LOAD build/stm32f4xx_hal_exti.o
LOAD build/system_stm32f4xx.o
LOAD build/sysmem.o
LOAD build/syscalls.o
LOAD build/stm32f4xx_hal_uart.o
LOAD build/unity.o
LOAD build/fcs.o
LOAD build/yahdlc.o
LOAD build/function.o
LOAD build/function_test.o
LOAD build/startup_stm32f407xx.o
LOAD c:/gnu-arm-embedded-toolchain/gcc-arm-none-eabi-10-2020-q4-major/bin/../lib/gcc/arm-none-eabi/10.2.1/../../../../arm-none-eabi/lib/thumb/v7e-m+fp/hard\libc_nano.a
LOAD c:/gnu-arm-embedded-toolchain/gcc-arm-none-eabi-10-2020-q4-major/bin/../lib/gcc/arm-none-eabi/10.2.1/../../../../arm-none-eabi/lib/thumb/v7e-m+fp/hard\libm.a
LOAD c:/gnu-arm-embedded-toolchain/gcc-arm-none-eabi-10-2020-q4-major/bin/../lib/gcc/arm-none-eabi/10.2.1/../../../../arm-none-eabi/lib/thumb/v7e-m+fp/hard\libnosys.a
START GROUP
LOAD c:/gnu-arm-embedded-toolchain/gcc-arm-none-eabi-10-2020-q4-major/bin/../lib/gcc/arm-none-eabi/10.2.1/thumb/v7e-m+fp/hard\libgcc.a
LOAD c:/gnu-arm-embedded-toolchain/gcc-arm-none-eabi-10-2020-q4-major/bin/../lib/gcc/arm-none-eabi/10.2.1/../../../../arm-none-eabi/lib/thumb/v7e-m+fp/hard\libc_nano.a
END GROUP
START GROUP
LOAD c:/gnu-arm-embedded-toolchain/gcc-arm-none-eabi-10-2020-q4-major/bin/../lib/gcc/arm-none-eabi/10.2.1/thumb/v7e-m+fp/hard\libgcc.a
LOAD c:/gnu-arm-embedded-toolchain/gcc-arm-none-eabi-10-2020-q4-major/bin/../lib/gcc/arm-none-eabi/10.2.1/../../../../arm-none-eabi/lib/thumb/v7e-m+fp/hard\libc_nano.a
END GROUP
LOAD c:/gnu-arm-embedded-toolchain/gcc-arm-none-eabi-10-2020-q4-major/bin/../lib/gcc/arm-none-eabi/10.2.1/thumb/v7e-m+fp/hard/crtend.o
LOAD c:/gnu-arm-embedded-toolchain/gcc-arm-none-eabi-10-2020-q4-major/bin/../lib/gcc/arm-none-eabi/10.2.1/thumb/v7e-m+fp/hard/crtn.o
                0x20020000                _estack = (ORIGIN (RAM) + LENGTH (RAM))
                0x00000200                _Min_Heap_Size = 0x200
                0x00000400                _Min_Stack_Size = 0x400

.isr_vector     0x08000000      0x188
                0x08000000                . = ALIGN (0x4)
 *(.isr_vector)
 .isr_vector    0x08000000      0x188 build/startup_stm32f407xx.o
                0x08000000                g_pfnVectors
                0x08000188                . = ALIGN (0x4)

.text           0x08000190     0x311c
                0x08000190                . = ALIGN (0x4)
 *(.text)
 .text          0x08000190       0x40 c:/gnu-arm-embedded-toolchain/gcc-arm-none-eabi-10-2020-q4-major/bin/../lib/gcc/arm-none-eabi/10.2.1/thumb/v7e-m+fp/hard/crtbegin.o
 .text          0x080001d0       0x1c c:/gnu-arm-embedded-toolchain/gcc-arm-none-eabi-10-2020-q4-major/bin/../lib/gcc/arm-none-eabi/10.2.1/../../../../arm-none-eabi/lib/thumb/v7e-m+fp/hard\libc_nano.a(lib_a-setjmp.o)
                0x080001d0                setjmp
                0x080001dc                longjmp
 .text          0x080001ec       0x10 c:/gnu-arm-embedded-toolchain/gcc-arm-none-eabi-10-2020-q4-major/bin/../lib/gcc/arm-none-eabi/10.2.1/../../../../arm-none-eabi/lib/thumb/v7e-m+fp/hard\libc_nano.a(lib_a-strlen.o)
                0x080001ec                strlen
 *fill*         0x080001fc        0x4 
 .text          0x08000200       0xa0 c:/gnu-arm-embedded-toolchain/gcc-arm-none-eabi-10-2020-q4-major/bin/../lib/gcc/arm-none-eabi/10.2.1/../../../../arm-none-eabi/lib/thumb/v7e-m+fp/hard\libc_nano.a(lib_a-memchr.o)
                0x08000200                memchr
 .text          0x080002a0       0x30 c:/gnu-arm-embedded-toolchain/gcc-arm-none-eabi-10-2020-q4-major/bin/../lib/gcc/arm-none-eabi/10.2.1/thumb/v7e-m+fp/hard\libgcc.a(_aeabi_uldivmod.o)
                0x080002a0                __aeabi_uldivmod
 .text          0x080002d0      0x2d0 c:/gnu-arm-embedded-toolchain/gcc-arm-none-eabi-10-2020-q4-major/bin/../lib/gcc/arm-none-eabi/10.2.1/thumb/v7e-m+fp/hard\libgcc.a(_udivmoddi4.o)
                0x080002d0                __udivmoddi4
 .text          0x080005a0        0x4 c:/gnu-arm-embedded-toolchain/gcc-arm-none-eabi-10-2020-q4-major/bin/../lib/gcc/arm-none-eabi/10.2.1/thumb/v7e-m+fp/hard\libgcc.a(_dvmd_tls.o)
                0x080005a0                __aeabi_idiv0
                0x080005a0                __aeabi_ldiv0
 *(.text*)
 .text.MX_GPIO_Init
                0x080005a4       0x68 build/main.o
 .text.uart_sendchar
                0x0800060c       0x20 build/main.o
                0x0800060c                uart_sendchar
 .text.debug_printf
                0x0800062c       0x44 build/main.o
                0x0800062c                debug_printf
 .text.debug_sendchar
                0x08000670       0x20 build/main.o
                0x08000670                debug_sendchar
 .text.append_char_to_buffer
                0x08000690       0x1a build/main.o
                0x08000690                append_char_to_buffer
 *fill*         0x080006aa        0x2 
 .text.HAL_UART_RxCpltCallback
                0x080006ac       0x48 build/main.o
                0x080006ac                HAL_UART_RxCpltCallback
 .text.ProcessDataFromUART
                0x080006f4      0x200 build/main.o
                0x080006f4                ProcessDataFromUART
 .text.Error_Handler
                0x080008f4        0x4 build/main.o
                0x080008f4                Error_Handler
 .text.MX_USART1_UART_Init
                0x080008f8       0x34 build/main.o
 .text.MX_USART2_UART_Init
                0x0800092c       0x34 build/main.o
 .text.SystemClock_Config
                0x08000960       0xa0 build/main.o
                0x08000960                SystemClock_Config
 .text.main     0x08000a00      0x108 build/main.o
                0x08000a00                main
 .text.NMI_Handler
                0x08000b08        0x2 build/stm32f4xx_it.o
                0x08000b08                NMI_Handler
 .text.HardFault_Handler
                0x08000b0a        0x2 build/stm32f4xx_it.o
                0x08000b0a                HardFault_Handler
 .text.MemManage_Handler
                0x08000b0c        0x2 build/stm32f4xx_it.o
                0x08000b0c                MemManage_Handler
 .text.BusFault_Handler
                0x08000b0e        0x2 build/stm32f4xx_it.o
                0x08000b0e                BusFault_Handler
 .text.UsageFault_Handler
                0x08000b10        0x2 build/stm32f4xx_it.o
                0x08000b10                UsageFault_Handler
 .text.SVC_Handler
                0x08000b12        0x2 build/stm32f4xx_it.o
                0x08000b12                SVC_Handler
 .text.DebugMon_Handler
                0x08000b14        0x2 build/stm32f4xx_it.o
                0x08000b14                DebugMon_Handler
 .text.PendSV_Handler
                0x08000b16        0x2 build/stm32f4xx_it.o
                0x08000b16                PendSV_Handler
 .text.SysTick_Handler
                0x08000b18       0x38 build/stm32f4xx_it.o
                0x08000b18                SysTick_Handler
 .text.USART1_IRQHandler
                0x08000b50       0x10 build/stm32f4xx_it.o
                0x08000b50                USART1_IRQHandler
 .text.HAL_MspInit
                0x08000b60       0x38 build/stm32f4xx_hal_msp.o
                0x08000b60                HAL_MspInit
 .text.HAL_UART_MspInit
                0x08000b98       0xd0 build/stm32f4xx_hal_msp.o
                0x08000b98                HAL_UART_MspInit
 .text.HAL_RCC_OscConfig
                0x08000c68      0x3f8 build/stm32f4xx_hal_rcc.o
                0x08000c68                HAL_RCC_OscConfig
 .text.HAL_RCC_GetSysClockFreq
                0x08001060       0xd4 build/stm32f4xx_hal_rcc.o
                0x08001060                HAL_RCC_GetSysClockFreq
 .text.HAL_RCC_ClockConfig
                0x08001134      0x160 build/stm32f4xx_hal_rcc.o
                0x08001134                HAL_RCC_ClockConfig
 .text.HAL_RCC_GetHCLKFreq
                0x08001294        0xc build/stm32f4xx_hal_rcc.o
                0x08001294                HAL_RCC_GetHCLKFreq
 .text.HAL_RCC_GetPCLK1Freq
                0x080012a0       0x20 build/stm32f4xx_hal_rcc.o
                0x080012a0                HAL_RCC_GetPCLK1Freq
 .text.HAL_RCC_GetPCLK2Freq
                0x080012c0       0x20 build/stm32f4xx_hal_rcc.o
                0x080012c0                HAL_RCC_GetPCLK2Freq
 .text.HAL_GPIO_Init
                0x080012e0      0x1e4 build/stm32f4xx_hal_gpio.o
                0x080012e0                HAL_GPIO_Init
 .text.HAL_GPIO_WritePin
                0x080014c4        0xc build/stm32f4xx_hal_gpio.o
                0x080014c4                HAL_GPIO_WritePin
 .text.HAL_GPIO_TogglePin
                0x080014d0       0x12 build/stm32f4xx_hal_gpio.o
                0x080014d0                HAL_GPIO_TogglePin
 .text.HAL_DMA_Abort
                0x080014e2       0x94 build/stm32f4xx_hal_dma.o
                0x080014e2                HAL_DMA_Abort
 .text.HAL_DMA_Abort_IT
                0x08001576       0x26 build/stm32f4xx_hal_dma.o
                0x08001576                HAL_DMA_Abort_IT
 .text.HAL_NVIC_SetPriorityGrouping
                0x0800159c       0x24 build/stm32f4xx_hal_cortex.o
                0x0800159c                HAL_NVIC_SetPriorityGrouping
 .text.HAL_NVIC_SetPriority
                0x080015c0       0x70 build/stm32f4xx_hal_cortex.o
                0x080015c0                HAL_NVIC_SetPriority
 .text.HAL_NVIC_EnableIRQ
                0x08001630       0x1c build/stm32f4xx_hal_cortex.o
                0x08001630                HAL_NVIC_EnableIRQ
 .text.HAL_SYSTICK_Config
                0x0800164c       0x28 build/stm32f4xx_hal_cortex.o
                0x0800164c                HAL_SYSTICK_Config
 .text.HAL_InitTick
                0x08001674       0x4c build/stm32f4xx_hal.o
                0x08001674                HAL_InitTick
 .text.HAL_Init
                0x080016c0       0x34 build/stm32f4xx_hal.o
                0x080016c0                HAL_Init
 .text.HAL_IncTick
                0x080016f4       0x18 build/stm32f4xx_hal.o
                0x080016f4                HAL_IncTick
 .text.HAL_GetTick
                0x0800170c        0xc build/stm32f4xx_hal.o
                0x0800170c                HAL_GetTick
 .text.HAL_Delay
                0x08001718       0x28 build/stm32f4xx_hal.o
                0x08001718                HAL_Delay
 .text.SystemInit
                0x08001740       0x14 build/system_stm32f4xx.o
                0x08001740                SystemInit
 .text._sbrk    0x08001754       0x48 build/sysmem.o
                0x08001754                _sbrk
 .text.UART_EndRxTransfer
                0x0800179c       0x5c build/stm32f4xx_hal_uart.o
 .text.UART_Transmit_IT
                0x080017f8       0x60 build/stm32f4xx_hal_uart.o
 .text.UART_SetConfig
                0x08001858      0x110 build/stm32f4xx_hal_uart.o
 .text.UART_WaitOnFlagUntilTimeout
                0x08001968       0x8a build/stm32f4xx_hal_uart.o
 .text.HAL_UART_Init
                0x080019f2       0x60 build/stm32f4xx_hal_uart.o
                0x080019f2                HAL_UART_Init
 .text.HAL_UART_Transmit
                0x08001a52       0xcc build/stm32f4xx_hal_uart.o
                0x08001a52                HAL_UART_Transmit
 .text.HAL_UART_TxCpltCallback
                0x08001b1e        0x2 build/stm32f4xx_hal_uart.o
                0x08001b1e                HAL_UART_TxCpltCallback
 .text.UART_EndTransmit_IT
                0x08001b20       0x1a build/stm32f4xx_hal_uart.o
 .text.HAL_UART_ErrorCallback
                0x08001b3a        0x2 build/stm32f4xx_hal_uart.o
                0x08001b3a                HAL_UART_ErrorCallback
 .text.UART_DMAAbortOnError
                0x08001b3c       0x10 build/stm32f4xx_hal_uart.o
 .text.HAL_UARTEx_RxEventCallback
                0x08001b4c        0x2 build/stm32f4xx_hal_uart.o
                0x08001b4c                HAL_UARTEx_RxEventCallback
 .text.UART_Receive_IT
                0x08001b4e       0xe6 build/stm32f4xx_hal_uart.o
 .text.HAL_UART_IRQHandler
                0x08001c34      0x288 build/stm32f4xx_hal_uart.o
                0x08001c34                HAL_UART_IRQHandler
 .text.UART_Start_Receive_IT
                0x08001ebc       0x36 build/stm32f4xx_hal_uart.o
                0x08001ebc                UART_Start_Receive_IT
 .text.HAL_UART_Receive_IT
                0x08001ef2       0x26 build/stm32f4xx_hal_uart.o
                0x08001ef2                HAL_UART_Receive_IT
 .text.UnityPrintNumberUnsigned
                0x08001f18       0x50 build/unity.o
                0x08001f18                UnityPrintNumberUnsigned
 .text.UnityPrintNumber
                0x08001f68       0x24 build/unity.o
                0x08001f68                UnityPrintNumber
 .text.UnityPrintNumberHex
                0x08001f8c       0x44 build/unity.o
                0x08001f8c                UnityPrintNumberHex
 .text.UnityPrintChar
                0x08001fd0       0x84 build/unity.o
 .text.UnityPrint
                0x08002054       0x18 build/unity.o
                0x08002054                UnityPrint
 .text.UnityTestResultsBegin
                0x0800206c       0x48 build/unity.o
 .text.UnityTestResultsFailBegin
                0x080020b4       0x2c build/unity.o
 .text.UnityAddMsgIfSpecified
                0x080020e0       0x50 build/unity.o
 .text.UnityPrintNumberByStyle
                0x08002130       0xe0 build/unity.o
                0x08002130                UnityPrintNumberByStyle
 .text.UnityConcludeTest
                0x08002210       0x54 build/unity.o
                0x08002210                UnityConcludeTest
 .text.UnityAssertEqualNumber
                0x08002264       0x6c build/unity.o
                0x08002264                UnityAssertEqualNumber
 .text.UnityDefaultTestRun
                0x080022d0       0x4c build/unity.o
                0x080022d0                UnityDefaultTestRun
 .text.UnityBegin
                0x0800231c       0x20 build/unity.o
                0x0800231c                UnityBegin
 .text.UnityEnd
                0x0800233c       0x98 build/unity.o
                0x0800233c                UnityEnd
 .text.calc_fcs
                0x080023d4       0x14 build/fcs.o
                0x080023d4                calc_fcs
 .text.yahdlc_set_state
                0x080023e8       0x28 build/yahdlc.o
                0x080023e8                yahdlc_set_state
 .text.yahdlc_escape_value
                0x08002410       0x2a build/yahdlc.o
                0x08002410                yahdlc_escape_value
 .text.yahdlc_get_control_type
                0x0800243a       0x60 build/yahdlc.o
                0x0800243a                yahdlc_get_control_type
 .text.yahdlc_frame_control_type
                0x0800249a       0x3a build/yahdlc.o
                0x0800249a                yahdlc_frame_control_type
 .text.yahdlc_get_data_reset_with_state
                0x080024d4       0x18 build/yahdlc.o
                0x080024d4                yahdlc_get_data_reset_with_state
 .text.yahdlc_get_data_with_state
                0x080024ec      0x150 build/yahdlc.o
                0x080024ec                yahdlc_get_data_with_state
 .text.yahdlc_get_data
                0x0800263c       0x20 build/yahdlc.o
                0x0800263c                yahdlc_get_data
 .text.yahdlc_frame_data
                0x0800265c       0xd4 build/yahdlc.o
                0x0800265c                yahdlc_frame_data
 .text.add      0x08002730        0x4 build/function.o
                0x08002730                add
 .text.subtract
                0x08002734        0x4 build/function.o
                0x08002734                subtract
 .text.multiply
                0x08002738        0x6 build/function.o
                0x08002738                multiply
 .text.divide   0x0800273e        0xc build/function.o
                0x0800273e                divide
 .text.test_add
                0x0800274a       0x52 build/function_test.o
                0x0800274a                test_add
 .text.test_subtract
                0x0800279c       0x52 build/function_test.o
                0x0800279c                test_subtract
 .text.test_multiply
                0x080027ee       0x52 build/function_test.o
                0x080027ee                test_multiply
 .text.test_divide
                0x08002840       0x50 build/function_test.o
                0x08002840                test_divide
 .text.tc_add   0x08002890       0x34 build/function_test.o
                0x08002890                tc_add
 .text.tc_subtract
                0x080028c4       0x24 build/function_test.o
                0x080028c4                tc_subtract
 .text.tc_multiply
                0x080028e8       0x24 build/function_test.o
                0x080028e8                tc_multiply
 .text.tc_divide
                0x0800290c       0x4c build/function_test.o
                0x0800290c                tc_divide
 .text.setUp    0x08002958        0x2 build/function_test.o
                0x08002958                setUp
 .text.tearDown
                0x0800295a        0x2 build/function_test.o
                0x0800295a                tearDown
 .text.Reset_Handler
                0x0800295c       0x50 build/startup_stm32f407xx.o
                0x0800295c                Reset_Handler
 .text.Default_Handler
                0x080029ac        0x2 build/startup_stm32f407xx.o
                0x080029ac                RTC_Alarm_IRQHandler
                0x080029ac                HASH_RNG_IRQHandler
                0x080029ac                EXTI2_IRQHandler
                0x080029ac                TIM8_CC_IRQHandler
                0x080029ac                TIM1_CC_IRQHandler
                0x080029ac                DMA2_Stream5_IRQHandler
                0x080029ac                DMA1_Stream5_IRQHandler
                0x080029ac                PVD_IRQHandler
                0x080029ac                SDIO_IRQHandler
                0x080029ac                TAMP_STAMP_IRQHandler
                0x080029ac                CAN2_RX1_IRQHandler
                0x080029ac                EXTI3_IRQHandler
                0x080029ac                TIM8_TRG_COM_TIM14_IRQHandler
                0x080029ac                TIM1_UP_TIM10_IRQHandler
                0x080029ac                TIM8_UP_TIM13_IRQHandler
                0x080029ac                I2C3_ER_IRQHandler
                0x080029ac                EXTI0_IRQHandler
                0x080029ac                I2C2_EV_IRQHandler
                0x080029ac                DMA1_Stream2_IRQHandler
                0x080029ac                CAN1_RX0_IRQHandler
                0x080029ac                FPU_IRQHandler
                0x080029ac                OTG_HS_WKUP_IRQHandler
                0x080029ac                CAN2_SCE_IRQHandler
                0x080029ac                DMA2_Stream2_IRQHandler
                0x080029ac                SPI1_IRQHandler
                0x080029ac                TIM6_DAC_IRQHandler
                0x080029ac                TIM1_BRK_TIM9_IRQHandler
                0x080029ac                DCMI_IRQHandler
                0x080029ac                CAN2_RX0_IRQHandler
                0x080029ac                DMA2_Stream3_IRQHandler
                0x080029ac                USART6_IRQHandler
                0x080029ac                USART3_IRQHandler
                0x080029ac                CAN1_RX1_IRQHandler
                0x080029ac                UART5_IRQHandler
                0x080029ac                DMA2_Stream0_IRQHandler
                0x080029ac                TIM4_IRQHandler
                0x080029ac                I2C1_EV_IRQHandler
                0x080029ac                DMA1_Stream6_IRQHandler
                0x080029ac                DMA1_Stream1_IRQHandler
                0x080029ac                UART4_IRQHandler
                0x080029ac                TIM3_IRQHandler
                0x080029ac                RCC_IRQHandler
                0x080029ac                TIM8_BRK_TIM12_IRQHandler
                0x080029ac                Default_Handler
                0x080029ac                EXTI15_10_IRQHandler
                0x080029ac                ADC_IRQHandler
                0x080029ac                DMA1_Stream7_IRQHandler
                0x080029ac                TIM7_IRQHandler
                0x080029ac                CAN2_TX_IRQHandler
                0x080029ac                TIM5_IRQHandler
                0x080029ac                DMA2_Stream7_IRQHandler
                0x080029ac                I2C3_EV_IRQHandler
                0x080029ac                EXTI9_5_IRQHandler
                0x080029ac                RTC_WKUP_IRQHandler
                0x080029ac                ETH_WKUP_IRQHandler
                0x080029ac                SPI2_IRQHandler
                0x080029ac                OTG_HS_EP1_IN_IRQHandler
                0x080029ac                DMA1_Stream0_IRQHandler
                0x080029ac                CAN1_TX_IRQHandler
                0x080029ac                EXTI4_IRQHandler
                0x080029ac                FSMC_IRQHandler
                0x080029ac                ETH_IRQHandler
                0x080029ac                OTG_HS_EP1_OUT_IRQHandler
                0x080029ac                WWDG_IRQHandler
                0x080029ac                TIM2_IRQHandler
                0x080029ac                OTG_FS_WKUP_IRQHandler
                0x080029ac                TIM1_TRG_COM_TIM11_IRQHandler
                0x080029ac                OTG_HS_IRQHandler
                0x080029ac                EXTI1_IRQHandler
                0x080029ac                USART2_IRQHandler
                0x080029ac                I2C2_ER_IRQHandler
                0x080029ac                DMA2_Stream1_IRQHandler
                0x080029ac                CAN1_SCE_IRQHandler
                0x080029ac                FLASH_IRQHandler
                0x080029ac                DMA2_Stream4_IRQHandler
                0x080029ac                OTG_FS_IRQHandler
                0x080029ac                SPI3_IRQHandler
                0x080029ac                DMA1_Stream4_IRQHandler
                0x080029ac                I2C1_ER_IRQHandler
                0x080029ac                DMA2_Stream6_IRQHandler
                0x080029ac                DMA1_Stream3_IRQHandler
 *fill*         0x080029ae        0x2 
 .text.__errno  0x080029b0        0xc c:/gnu-arm-embedded-toolchain/gcc-arm-none-eabi-10-2020-q4-major/bin/../lib/gcc/arm-none-eabi/10.2.1/../../../../arm-none-eabi/lib/thumb/v7e-m+fp/hard\libc_nano.a(lib_a-errno.o)
                0x080029b0                __errno
 .text.__libc_init_array
                0x080029bc       0x48 c:/gnu-arm-embedded-toolchain/gcc-arm-none-eabi-10-2020-q4-major/bin/../lib/gcc/arm-none-eabi/10.2.1/../../../../arm-none-eabi/lib/thumb/v7e-m+fp/hard\libc_nano.a(lib_a-init.o)
                0x080029bc                __libc_init_array
 .text.memset   0x08002a04       0x10 c:/gnu-arm-embedded-toolchain/gcc-arm-none-eabi-10-2020-q4-major/bin/../lib/gcc/arm-none-eabi/10.2.1/../../../../arm-none-eabi/lib/thumb/v7e-m+fp/hard\libc_nano.a(lib_a-memset.o)
                0x08002a04                memset
 .text.strstr   0x08002a14       0x2c c:/gnu-arm-embedded-toolchain/gcc-arm-none-eabi-10-2020-q4-major/bin/../lib/gcc/arm-none-eabi/10.2.1/../../../../arm-none-eabi/lib/thumb/v7e-m+fp/hard\libc_nano.a(lib_a-strstr.o)
                0x08002a14                strstr
 .text._vsprintf_r
                0x08002a40       0x2c c:/gnu-arm-embedded-toolchain/gcc-arm-none-eabi-10-2020-q4-major/bin/../lib/gcc/arm-none-eabi/10.2.1/../../../../arm-none-eabi/lib/thumb/v7e-m+fp/hard\libc_nano.a(lib_a-vsprintf.o)
                0x08002a40                _vsprintf_r
                0x08002a40                _vsiprintf_r
 .text.vsprintf
                0x08002a6c       0x14 c:/gnu-arm-embedded-toolchain/gcc-arm-none-eabi-10-2020-q4-major/bin/../lib/gcc/arm-none-eabi/10.2.1/../../../../arm-none-eabi/lib/thumb/v7e-m+fp/hard\libc_nano.a(lib_a-vsprintf.o)
                0x08002a6c                vsiprintf
                0x08002a6c                vsprintf
 .text.__ssputs_r
                0x08002a80       0xb6 c:/gnu-arm-embedded-toolchain/gcc-arm-none-eabi-10-2020-q4-major/bin/../lib/gcc/arm-none-eabi/10.2.1/../../../../arm-none-eabi/lib/thumb/v7e-m+fp/hard\libc_nano.a(lib_a-nano-svfprintf.o)
                0x08002a80                __ssputs_r
 *fill*         0x08002b36        0x2 
 .text._svfprintf_r
                0x08002b38      0x200 c:/gnu-arm-embedded-toolchain/gcc-arm-none-eabi-10-2020-q4-major/bin/../lib/gcc/arm-none-eabi/10.2.1/../../../../arm-none-eabi/lib/thumb/v7e-m+fp/hard\libc_nano.a(lib_a-nano-svfprintf.o)
                0x08002b38                _svfiprintf_r
                0x08002b38                _svfprintf_r
 .text._printf_common
                0x08002d38       0xda c:/gnu-arm-embedded-toolchain/gcc-arm-none-eabi-10-2020-q4-major/bin/../lib/gcc/arm-none-eabi/10.2.1/../../../../arm-none-eabi/lib/thumb/v7e-m+fp/hard\libc_nano.a(lib_a-nano-vfprintf_i.o)
                0x08002d38                _printf_common
 *fill*         0x08002e12        0x2 
 .text._printf_i
                0x08002e14      0x24c c:/gnu-arm-embedded-toolchain/gcc-arm-none-eabi-10-2020-q4-major/bin/../lib/gcc/arm-none-eabi/10.2.1/../../../../arm-none-eabi/lib/thumb/v7e-m+fp/hard\libc_nano.a(lib_a-nano-vfprintf_i.o)
                0x08002e14                _printf_i
 .text.memcpy   0x08003060       0x1c c:/gnu-arm-embedded-toolchain/gcc-arm-none-eabi-10-2020-q4-major/bin/../lib/gcc/arm-none-eabi/10.2.1/../../../../arm-none-eabi/lib/thumb/v7e-m+fp/hard\libc_nano.a(lib_a-memcpy-stub.o)
                0x08003060                memcpy
 .text.memmove  0x0800307c       0x34 c:/gnu-arm-embedded-toolchain/gcc-arm-none-eabi-10-2020-q4-major/bin/../lib/gcc/arm-none-eabi/10.2.1/../../../../arm-none-eabi/lib/thumb/v7e-m+fp/hard\libc_nano.a(lib_a-memmove.o)
                0x0800307c                memmove
 .text._free_r  0x080030b0       0x98 c:/gnu-arm-embedded-toolchain/gcc-arm-none-eabi-10-2020-q4-major/bin/../lib/gcc/arm-none-eabi/10.2.1/../../../../arm-none-eabi/lib/thumb/v7e-m+fp/hard\libc_nano.a(lib_a-nano-freer.o)
                0x080030b0                _free_r
 .text._malloc_r
                0x08003148       0xb4 c:/gnu-arm-embedded-toolchain/gcc-arm-none-eabi-10-2020-q4-major/bin/../lib/gcc/arm-none-eabi/10.2.1/../../../../arm-none-eabi/lib/thumb/v7e-m+fp/hard\libc_nano.a(lib_a-nano-mallocr.o)
                0x08003148                _malloc_r
 .text._realloc_r
                0x080031fc       0x4c c:/gnu-arm-embedded-toolchain/gcc-arm-none-eabi-10-2020-q4-major/bin/../lib/gcc/arm-none-eabi/10.2.1/../../../../arm-none-eabi/lib/thumb/v7e-m+fp/hard\libc_nano.a(lib_a-nano-reallocr.o)
                0x080031fc                _realloc_r
 .text._sbrk_r  0x08003248       0x20 c:/gnu-arm-embedded-toolchain/gcc-arm-none-eabi-10-2020-q4-major/bin/../lib/gcc/arm-none-eabi/10.2.1/../../../../arm-none-eabi/lib/thumb/v7e-m+fp/hard\libc_nano.a(lib_a-sbrkr.o)
                0x08003248                _sbrk_r
 .text.__malloc_lock
                0x08003268        0xc c:/gnu-arm-embedded-toolchain/gcc-arm-none-eabi-10-2020-q4-major/bin/../lib/gcc/arm-none-eabi/10.2.1/../../../../arm-none-eabi/lib/thumb/v7e-m+fp/hard\libc_nano.a(lib_a-mlock.o)
                0x08003268                __malloc_lock
 .text.__malloc_unlock
                0x08003274        0xc c:/gnu-arm-embedded-toolchain/gcc-arm-none-eabi-10-2020-q4-major/bin/../lib/gcc/arm-none-eabi/10.2.1/../../../../arm-none-eabi/lib/thumb/v7e-m+fp/hard\libc_nano.a(lib_a-mlock.o)
                0x08003274                __malloc_unlock
 .text._malloc_usable_size_r
                0x08003280       0x10 c:/gnu-arm-embedded-toolchain/gcc-arm-none-eabi-10-2020-q4-major/bin/../lib/gcc/arm-none-eabi/10.2.1/../../../../arm-none-eabi/lib/thumb/v7e-m+fp/hard\libc_nano.a(lib_a-nano-msizer.o)
                0x08003280                _malloc_usable_size_r
 .text.__retarget_lock_acquire_recursive
                0x08003290        0x2 c:/gnu-arm-embedded-toolchain/gcc-arm-none-eabi-10-2020-q4-major/bin/../lib/gcc/arm-none-eabi/10.2.1/../../../../arm-none-eabi/lib/thumb/v7e-m+fp/hard\libc_nano.a(lib_a-lock.o)
                0x08003290                __retarget_lock_acquire_recursive
 .text.__retarget_lock_release_recursive
                0x08003292        0x2 c:/gnu-arm-embedded-toolchain/gcc-arm-none-eabi-10-2020-q4-major/bin/../lib/gcc/arm-none-eabi/10.2.1/../../../../arm-none-eabi/lib/thumb/v7e-m+fp/hard\libc_nano.a(lib_a-lock.o)
                0x08003292                __retarget_lock_release_recursive
 *(.glue_7)
 .glue_7        0x08003294        0x0 linker stubs
 *(.glue_7t)
 .glue_7t       0x08003294        0x0 linker stubs
 *(.eh_frame)
 .eh_frame      0x08003294        0x0 c:/gnu-arm-embedded-toolchain/gcc-arm-none-eabi-10-2020-q4-major/bin/../lib/gcc/arm-none-eabi/10.2.1/thumb/v7e-m+fp/hard/crtbegin.o
 *(.init)
 .init          0x08003294        0x4 c:/gnu-arm-embedded-toolchain/gcc-arm-none-eabi-10-2020-q4-major/bin/../lib/gcc/arm-none-eabi/10.2.1/thumb/v7e-m+fp/hard/crti.o
                0x08003294                _init
 .init          0x08003298        0x8 c:/gnu-arm-embedded-toolchain/gcc-arm-none-eabi-10-2020-q4-major/bin/../lib/gcc/arm-none-eabi/10.2.1/thumb/v7e-m+fp/hard/crtn.o
 *(.fini)
 .fini          0x080032a0        0x4 c:/gnu-arm-embedded-toolchain/gcc-arm-none-eabi-10-2020-q4-major/bin/../lib/gcc/arm-none-eabi/10.2.1/thumb/v7e-m+fp/hard/crti.o
                0x080032a0                _fini
 .fini          0x080032a4        0x8 c:/gnu-arm-embedded-toolchain/gcc-arm-none-eabi-10-2020-q4-major/bin/../lib/gcc/arm-none-eabi/10.2.1/thumb/v7e-m+fp/hard/crtn.o
                0x080032ac                . = ALIGN (0x4)
                0x080032ac                _etext = .

.vfp11_veneer   0x080032ac        0x0
 .vfp11_veneer  0x080032ac        0x0 linker stubs

.v4_bx          0x080032ac        0x0
 .v4_bx         0x080032ac        0x0 linker stubs

.iplt           0x080032ac        0x0
 .iplt          0x080032ac        0x0 c:/gnu-arm-embedded-toolchain/gcc-arm-none-eabi-10-2020-q4-major/bin/../lib/gcc/arm-none-eabi/10.2.1/thumb/v7e-m+fp/hard/crtbegin.o

.rodata         0x080032ac      0x3b8
                0x080032ac                . = ALIGN (0x4)
 *(.rodata)
 *(.rodata*)
 .rodata.ProcessDataFromUART.str1.4
                0x080032ac       0x8b build/main.o
 *fill*         0x08003337        0x1 
 .rodata.main.str1.4
                0x08003338        0xe build/main.o
 *fill*         0x08003346        0x2 
 .rodata.AHBPrescTable
                0x08003348       0x10 build/system_stm32f4xx.o
                0x08003348                AHBPrescTable
 .rodata.APBPrescTable
                0x08003358        0x8 build/system_stm32f4xx.o
                0x08003358                APBPrescTable
 .rodata.UnityStrBreaker
                0x08003360       0x18 build/unity.o
 .rodata.UnityStrDetail1Name
                0x08003378        0xa build/unity.o
 *fill*         0x08003382        0x2 
 .rodata.UnityStrDetail2Name
                0x08003384        0xb build/unity.o
 *fill*         0x0800338f        0x1 
 .rodata.UnityStrExpected
                0x08003390        0xb build/unity.o
 *fill*         0x0800339b        0x1 
 .rodata.UnityStrFail
                0x0800339c        0x5 build/unity.o
                0x0800339c                UnityStrFail
 *fill*         0x080033a1        0x3 
 .rodata.UnityStrOk
                0x080033a4        0x3 build/unity.o
                0x080033a4                UnityStrOk
 *fill*         0x080033a7        0x1 
 .rodata.UnityStrPass
                0x080033a8        0x5 build/unity.o
                0x080033a8                UnityStrPass
 *fill*         0x080033ad        0x3 
 .rodata.UnityStrResultsFailures
                0x080033b0        0xb build/unity.o
 *fill*         0x080033bb        0x1 
 .rodata.UnityStrResultsIgnored
                0x080033bc        0xa build/unity.o
 *fill*         0x080033c6        0x2 
 .rodata.UnityStrResultsTests
                0x080033c8        0x8 build/unity.o
 .rodata.UnityStrSpacer
                0x080033d0        0x3 build/unity.o
 *fill*         0x080033d3        0x1 
 .rodata.UnityStrWas
                0x080033d4        0x6 build/unity.o
 *fill*         0x080033da        0x2 
 .rodata.fcstab
                0x080033dc      0x200 build/fcs.o
 .rodata.tc_add.str1.4
                0x080035dc       0x25 build/function_test.o
 *fill*         0x08003601        0x3 
 .rodata.tc_subtract.str1.4
                0x08003604        0xe build/function_test.o
 *fill*         0x08003612        0x2 
 .rodata.tc_multiply.str1.4
                0x08003614        0xe build/function_test.o
 *fill*         0x08003622        0x2 
 .rodata.tc_divide.str1.4
                0x08003624        0xc build/function_test.o
 .rodata._svfprintf_r.str1.1
                0x08003630       0x11 c:/gnu-arm-embedded-toolchain/gcc-arm-none-eabi-10-2020-q4-major/bin/../lib/gcc/arm-none-eabi/10.2.1/../../../../arm-none-eabi/lib/thumb/v7e-m+fp/hard\libc_nano.a(lib_a-nano-svfprintf.o)
 .rodata._printf_i.str1.1
                0x08003641       0x22 c:/gnu-arm-embedded-toolchain/gcc-arm-none-eabi-10-2020-q4-major/bin/../lib/gcc/arm-none-eabi/10.2.1/../../../../arm-none-eabi/lib/thumb/v7e-m+fp/hard\libc_nano.a(lib_a-nano-vfprintf_i.o)
                0x08003664                . = ALIGN (0x4)
 *fill*         0x08003663        0x1 

.ARM.extab
 *(.ARM.extab* .gnu.linkonce.armextab.*)

.ARM            0x08003664        0x8
                0x08003664                __exidx_start = .
 *(.ARM.exidx*)
 .ARM.exidx     0x08003664        0x8 c:/gnu-arm-embedded-toolchain/gcc-arm-none-eabi-10-2020-q4-major/bin/../lib/gcc/arm-none-eabi/10.2.1/thumb/v7e-m+fp/hard\libgcc.a(_udivmoddi4.o)
                0x0800366c                __exidx_end = .

.rel.dyn        0x0800366c        0x0
 .rel.iplt      0x0800366c        0x0 c:/gnu-arm-embedded-toolchain/gcc-arm-none-eabi-10-2020-q4-major/bin/../lib/gcc/arm-none-eabi/10.2.1/thumb/v7e-m+fp/hard/crtbegin.o

.preinit_array  0x0800366c        0x0
                0x0800366c                PROVIDE (__preinit_array_start = .)
 *(.preinit_array*)
                0x0800366c                PROVIDE (__preinit_array_end = .)

.init_array     0x0800366c        0x4
                0x0800366c                PROVIDE (__init_array_start = .)
 *(SORT_BY_NAME(.init_array.*))
 *(.init_array*)
 .init_array    0x0800366c        0x4 c:/gnu-arm-embedded-toolchain/gcc-arm-none-eabi-10-2020-q4-major/bin/../lib/gcc/arm-none-eabi/10.2.1/thumb/v7e-m+fp/hard/crtbegin.o
                0x08003670                PROVIDE (__init_array_end = .)

.fini_array     0x08003670        0x4
                [!provide]                PROVIDE (__fini_array_start = .)
 *(SORT_BY_NAME(.fini_array.*))
 *(.fini_array*)
 .fini_array    0x08003670        0x4 c:/gnu-arm-embedded-toolchain/gcc-arm-none-eabi-10-2020-q4-major/bin/../lib/gcc/arm-none-eabi/10.2.1/thumb/v7e-m+fp/hard/crtbegin.o
                [!provide]                PROVIDE (__fini_array_end = .)
                0x08003674                _sidata = LOADADDR (.data)

.data           0x20000000       0x88 load address 0x08003674
                0x20000000                . = ALIGN (0x4)
                0x20000000                _sdata = .
 *(.data)
 *(.data*)
 .data.delaytimer
                0x20000000        0x2 build/main.o
                0x20000000                delaytimer
 .data.timeoutReceive
                0x20000002        0x2 build/main.o
                0x20000002                timeoutReceive
 .data.uwTickFreq
                0x20000004        0x1 build/stm32f4xx_hal.o
                0x20000004                uwTickFreq
 *fill*         0x20000005        0x3 
 .data.uwTickPrio
                0x20000008        0x4 build/stm32f4xx_hal.o
                0x20000008                uwTickPrio
 .data.SystemCoreClock
                0x2000000c        0x4 build/system_stm32f4xx.o
                0x2000000c                SystemCoreClock
 .data.yahdlc_state
                0x20000010       0x14 build/yahdlc.o
 .data._impure_ptr
                0x20000024        0x4 c:/gnu-arm-embedded-toolchain/gcc-arm-none-eabi-10-2020-q4-major/bin/../lib/gcc/arm-none-eabi/10.2.1/../../../../arm-none-eabi/lib/thumb/v7e-m+fp/hard\libc_nano.a(lib_a-impure.o)
                0x20000024                _impure_ptr
 .data.impure_data
                0x20000028       0x60 c:/gnu-arm-embedded-toolchain/gcc-arm-none-eabi-10-2020-q4-major/bin/../lib/gcc/arm-none-eabi/10.2.1/../../../../arm-none-eabi/lib/thumb/v7e-m+fp/hard\libc_nano.a(lib_a-impure.o)
                0x20000088                . = ALIGN (0x4)
                0x20000088                _edata = .
                0x080036fc                _siccmram = LOADADDR (.ccmram)

.igot.plt       0x20000088        0x0 load address 0x080036fc
 .igot.plt      0x20000088        0x0 c:/gnu-arm-embedded-toolchain/gcc-arm-none-eabi-10-2020-q4-major/bin/../lib/gcc/arm-none-eabi/10.2.1/thumb/v7e-m+fp/hard/crtbegin.o

.ccmram         0x10000000        0x0 load address 0x080036fc
                0x10000000                . = ALIGN (0x4)
                0x10000000                _sccmram = .
 *(.ccmram)
 *(.ccmram*)
                0x10000000                . = ALIGN (0x4)
                0x10000000                _eccmram = .
                0x10000000                . = ALIGN (0x4)

.bss            0x20000088      0x96c
                0x20000088                _sbss = .
                0x20000088                __bss_start__ = _sbss
 *(.bss)
 .bss           0x20000088       0x1c c:/gnu-arm-embedded-toolchain/gcc-arm-none-eabi-10-2020-q4-major/bin/../lib/gcc/arm-none-eabi/10.2.1/thumb/v7e-m+fp/hard/crtbegin.o
 *(.bss*)
 .bss.buf_rx    0x200000a4      0x400 build/main.o
                0x200000a4                buf_rx
 .bss.control   0x200004a4        0x2 build/main.o
                0x200004a4                control
 *fill*         0x200004a6        0x2 
 .bss.data_rx   0x200004a8        0x2 build/main.o
                0x200004a8                data_rx
 *fill*         0x200004aa        0x2 
 .bss.huart1    0x200004ac       0x48 build/main.o
                0x200004ac                huart1
 .bss.huart2    0x200004f4       0x48 build/main.o
                0x200004f4                huart2
 .bss.newReceive
                0x2000053c        0x1 build/main.o
                0x2000053c                newReceive
 *fill*         0x2000053d        0x3 
 .bss.state     0x20000540       0x14 build/main.o
                0x20000540                state
 .bss.t         0x20000554        0x2 build/main.o
                0x20000554                t
 *fill*         0x20000556        0x2 
 .bss.yahdlc_send_frame
                0x20000558      0x400 build/main.o
                0x20000558                yahdlc_send_frame
 .bss.uwTick    0x20000958        0x4 build/stm32f4xx_hal.o
                0x20000958                uwTick
 .bss.__sbrk_heap_end
                0x2000095c        0x4 build/sysmem.o
 .bss.Unity     0x20000960       0x84 build/unity.o
                0x20000960                Unity
 .bss.__malloc_free_list
                0x200009e4        0x4 c:/gnu-arm-embedded-toolchain/gcc-arm-none-eabi-10-2020-q4-major/bin/../lib/gcc/arm-none-eabi/10.2.1/../../../../arm-none-eabi/lib/thumb/v7e-m+fp/hard\libc_nano.a(lib_a-nano-mallocr.o)
                0x200009e4                __malloc_free_list
 .bss.__malloc_sbrk_start
                0x200009e8        0x4 c:/gnu-arm-embedded-toolchain/gcc-arm-none-eabi-10-2020-q4-major/bin/../lib/gcc/arm-none-eabi/10.2.1/../../../../arm-none-eabi/lib/thumb/v7e-m+fp/hard\libc_nano.a(lib_a-nano-mallocr.o)
                0x200009e8                __malloc_sbrk_start
 .bss.errno     0x200009ec        0x4 c:/gnu-arm-embedded-toolchain/gcc-arm-none-eabi-10-2020-q4-major/bin/../lib/gcc/arm-none-eabi/10.2.1/../../../../arm-none-eabi/lib/thumb/v7e-m+fp/hard\libc_nano.a(lib_a-reent.o)
                0x200009ec                errno
 .bss.__lock___malloc_recursive_mutex
                0x200009f0        0x1 c:/gnu-arm-embedded-toolchain/gcc-arm-none-eabi-10-2020-q4-major/bin/../lib/gcc/arm-none-eabi/10.2.1/../../../../arm-none-eabi/lib/thumb/v7e-m+fp/hard\libc_nano.a(lib_a-lock.o)
                0x200009f0                __lock___malloc_recursive_mutex
 *(COMMON)
                0x200009f4                . = ALIGN (0x4)
 *fill*         0x200009f1        0x3 
                0x200009f4                _ebss = .
                0x200009f4                __bss_end__ = _ebss

._user_heap_stack
                0x200009f4      0x604
                0x200009f8                . = ALIGN (0x8)
 *fill*         0x200009f4        0x4 
                [!provide]                PROVIDE (end = .)
                0x200009f8                PROVIDE (_end = .)
                0x20000bf8                . = (. + _Min_Heap_Size)
 *fill*         0x200009f8      0x200 
                0x20000ff8                . = (. + _Min_Stack_Size)
 *fill*         0x20000bf8      0x400 
                0x20000ff8                . = ALIGN (0x8)

/DISCARD/
 libc.a(*)
 libm.a(*)
 libgcc.a(*)

.ARM.attributes
                0x00000000       0x30
 *(.ARM.attributes)
 .ARM.attributes
                0x00000000       0x1e c:/gnu-arm-embedded-toolchain/gcc-arm-none-eabi-10-2020-q4-major/bin/../lib/gcc/arm-none-eabi/10.2.1/thumb/v7e-m+fp/hard/crti.o
 .ARM.attributes
                0x0000001e       0x34 c:/gnu-arm-embedded-toolchain/gcc-arm-none-eabi-10-2020-q4-major/bin/../lib/gcc/arm-none-eabi/10.2.1/thumb/v7e-m+fp/hard/crtbegin.o
 .ARM.attributes
                0x00000052       0x34 build/main.o
 .ARM.attributes
                0x00000086       0x34 build/stm32f4xx_it.o
 .ARM.attributes
                0x000000ba       0x34 build/stm32f4xx_hal_msp.o
 .ARM.attributes
                0x000000ee       0x34 build/stm32f4xx_hal_rcc.o
 .ARM.attributes
                0x00000122       0x34 build/stm32f4xx_hal_gpio.o
 .ARM.attributes
                0x00000156       0x34 build/stm32f4xx_hal_dma.o
 .ARM.attributes
                0x0000018a       0x34 build/stm32f4xx_hal_cortex.o
 .ARM.attributes
                0x000001be       0x34 build/stm32f4xx_hal.o
 .ARM.attributes
                0x000001f2       0x34 build/system_stm32f4xx.o
 .ARM.attributes
                0x00000226       0x34 build/sysmem.o
 .ARM.attributes
                0x0000025a       0x34 build/stm32f4xx_hal_uart.o
 .ARM.attributes
                0x0000028e       0x34 build/unity.o
 .ARM.attributes
                0x000002c2       0x34 build/fcs.o
 .ARM.attributes
                0x000002f6       0x34 build/yahdlc.o
 .ARM.attributes
                0x0000032a       0x34 build/function.o
 .ARM.attributes
                0x0000035e       0x34 build/function_test.o
 .ARM.attributes
                0x00000392       0x21 build/startup_stm32f407xx.o
 .ARM.attributes
                0x000003b3       0x34 c:/gnu-arm-embedded-toolchain/gcc-arm-none-eabi-10-2020-q4-major/bin/../lib/gcc/arm-none-eabi/10.2.1/../../../../arm-none-eabi/lib/thumb/v7e-m+fp/hard\libc_nano.a(lib_a-errno.o)
 .ARM.attributes
                0x000003e7       0x32 c:/gnu-arm-embedded-toolchain/gcc-arm-none-eabi-10-2020-q4-major/bin/../lib/gcc/arm-none-eabi/10.2.1/../../../../arm-none-eabi/lib/thumb/v7e-m+fp/hard\libc_nano.a(lib_a-impure.o)
 .ARM.attributes
                0x00000419       0x34 c:/gnu-arm-embedded-toolchain/gcc-arm-none-eabi-10-2020-q4-major/bin/../lib/gcc/arm-none-eabi/10.2.1/../../../../arm-none-eabi/lib/thumb/v7e-m+fp/hard\libc_nano.a(lib_a-init.o)
 .ARM.attributes
                0x0000044d       0x34 c:/gnu-arm-embedded-toolchain/gcc-arm-none-eabi-10-2020-q4-major/bin/../lib/gcc/arm-none-eabi/10.2.1/../../../../arm-none-eabi/lib/thumb/v7e-m+fp/hard\libc_nano.a(lib_a-memset.o)
 .ARM.attributes
                0x00000481       0x1c c:/gnu-arm-embedded-toolchain/gcc-arm-none-eabi-10-2020-q4-major/bin/../lib/gcc/arm-none-eabi/10.2.1/../../../../arm-none-eabi/lib/thumb/v7e-m+fp/hard\libc_nano.a(lib_a-setjmp.o)
 .ARM.attributes
                0x0000049d       0x17 c:/gnu-arm-embedded-toolchain/gcc-arm-none-eabi-10-2020-q4-major/bin/../lib/gcc/arm-none-eabi/10.2.1/../../../../arm-none-eabi/lib/thumb/v7e-m+fp/hard\libc_nano.a(lib_a-strlen.o)
 .ARM.attributes
                0x000004b4       0x34 c:/gnu-arm-embedded-toolchain/gcc-arm-none-eabi-10-2020-q4-major/bin/../lib/gcc/arm-none-eabi/10.2.1/../../../../arm-none-eabi/lib/thumb/v7e-m+fp/hard\libc_nano.a(lib_a-strstr.o)
 .ARM.attributes
                0x000004e8       0x34 c:/gnu-arm-embedded-toolchain/gcc-arm-none-eabi-10-2020-q4-major/bin/../lib/gcc/arm-none-eabi/10.2.1/../../../../arm-none-eabi/lib/thumb/v7e-m+fp/hard\libc_nano.a(lib_a-vsprintf.o)
 .ARM.attributes
                0x0000051c       0x34 c:/gnu-arm-embedded-toolchain/gcc-arm-none-eabi-10-2020-q4-major/bin/../lib/gcc/arm-none-eabi/10.2.1/../../../../arm-none-eabi/lib/thumb/v7e-m+fp/hard\libc_nano.a(lib_a-nano-svfprintf.o)
 .ARM.attributes
                0x00000550       0x34 c:/gnu-arm-embedded-toolchain/gcc-arm-none-eabi-10-2020-q4-major/bin/../lib/gcc/arm-none-eabi/10.2.1/../../../../arm-none-eabi/lib/thumb/v7e-m+fp/hard\libc_nano.a(lib_a-nano-vfprintf_i.o)
 .ARM.attributes
                0x00000584       0x1c c:/gnu-arm-embedded-toolchain/gcc-arm-none-eabi-10-2020-q4-major/bin/../lib/gcc/arm-none-eabi/10.2.1/../../../../arm-none-eabi/lib/thumb/v7e-m+fp/hard\libc_nano.a(lib_a-memchr.o)
 .ARM.attributes
                0x000005a0       0x34 c:/gnu-arm-embedded-toolchain/gcc-arm-none-eabi-10-2020-q4-major/bin/../lib/gcc/arm-none-eabi/10.2.1/../../../../arm-none-eabi/lib/thumb/v7e-m+fp/hard\libc_nano.a(lib_a-memcpy-stub.o)
 .ARM.attributes
                0x000005d4       0x34 c:/gnu-arm-embedded-toolchain/gcc-arm-none-eabi-10-2020-q4-major/bin/../lib/gcc/arm-none-eabi/10.2.1/../../../../arm-none-eabi/lib/thumb/v7e-m+fp/hard\libc_nano.a(lib_a-memmove.o)
 .ARM.attributes
                0x00000608       0x34 c:/gnu-arm-embedded-toolchain/gcc-arm-none-eabi-10-2020-q4-major/bin/../lib/gcc/arm-none-eabi/10.2.1/../../../../arm-none-eabi/lib/thumb/v7e-m+fp/hard\libc_nano.a(lib_a-nano-freer.o)
 .ARM.attributes
                0x0000063c       0x34 c:/gnu-arm-embedded-toolchain/gcc-arm-none-eabi-10-2020-q4-major/bin/../lib/gcc/arm-none-eabi/10.2.1/../../../../arm-none-eabi/lib/thumb/v7e-m+fp/hard\libc_nano.a(lib_a-nano-mallocr.o)
 .ARM.attributes
                0x00000670       0x34 c:/gnu-arm-embedded-toolchain/gcc-arm-none-eabi-10-2020-q4-major/bin/../lib/gcc/arm-none-eabi/10.2.1/../../../../arm-none-eabi/lib/thumb/v7e-m+fp/hard\libc_nano.a(lib_a-nano-reallocr.o)
 .ARM.attributes
                0x000006a4       0x34 c:/gnu-arm-embedded-toolchain/gcc-arm-none-eabi-10-2020-q4-major/bin/../lib/gcc/arm-none-eabi/10.2.1/../../../../arm-none-eabi/lib/thumb/v7e-m+fp/hard\libc_nano.a(lib_a-sbrkr.o)
 .ARM.attributes
                0x000006d8       0x34 c:/gnu-arm-embedded-toolchain/gcc-arm-none-eabi-10-2020-q4-major/bin/../lib/gcc/arm-none-eabi/10.2.1/../../../../arm-none-eabi/lib/thumb/v7e-m+fp/hard\libc_nano.a(lib_a-mlock.o)
 .ARM.attributes
                0x0000070c       0x34 c:/gnu-arm-embedded-toolchain/gcc-arm-none-eabi-10-2020-q4-major/bin/../lib/gcc/arm-none-eabi/10.2.1/../../../../arm-none-eabi/lib/thumb/v7e-m+fp/hard\libc_nano.a(lib_a-nano-msizer.o)
 .ARM.attributes
                0x00000740       0x34 c:/gnu-arm-embedded-toolchain/gcc-arm-none-eabi-10-2020-q4-major/bin/../lib/gcc/arm-none-eabi/10.2.1/../../../../arm-none-eabi/lib/thumb/v7e-m+fp/hard\libc_nano.a(lib_a-reent.o)
 .ARM.attributes
                0x00000774       0x34 c:/gnu-arm-embedded-toolchain/gcc-arm-none-eabi-10-2020-q4-major/bin/../lib/gcc/arm-none-eabi/10.2.1/../../../../arm-none-eabi/lib/thumb/v7e-m+fp/hard\libc_nano.a(lib_a-lock.o)
 .ARM.attributes
                0x000007a8       0x1e c:/gnu-arm-embedded-toolchain/gcc-arm-none-eabi-10-2020-q4-major/bin/../lib/gcc/arm-none-eabi/10.2.1/thumb/v7e-m+fp/hard\libgcc.a(_aeabi_uldivmod.o)
 .ARM.attributes
                0x000007c6       0x34 c:/gnu-arm-embedded-toolchain/gcc-arm-none-eabi-10-2020-q4-major/bin/../lib/gcc/arm-none-eabi/10.2.1/thumb/v7e-m+fp/hard\libgcc.a(_udivmoddi4.o)
 .ARM.attributes
                0x000007fa       0x1e c:/gnu-arm-embedded-toolchain/gcc-arm-none-eabi-10-2020-q4-major/bin/../lib/gcc/arm-none-eabi/10.2.1/thumb/v7e-m+fp/hard\libgcc.a(_dvmd_tls.o)
 .ARM.attributes
                0x00000818       0x1e c:/gnu-arm-embedded-toolchain/gcc-arm-none-eabi-10-2020-q4-major/bin/../lib/gcc/arm-none-eabi/10.2.1/thumb/v7e-m+fp/hard/crtn.o
OUTPUT(build/stm32f407_exam1.elf elf32-littlearm)
LOAD linker stubs
LOAD c:/gnu-arm-embedded-toolchain/gcc-arm-none-eabi-10-2020-q4-major/bin/../lib/gcc/arm-none-eabi/10.2.1/../../../../arm-none-eabi/lib/thumb/v7e-m+fp/hard\libc.a
LOAD c:/gnu-arm-embedded-toolchain/gcc-arm-none-eabi-10-2020-q4-major/bin/../lib/gcc/arm-none-eabi/10.2.1/../../../../arm-none-eabi/lib/thumb/v7e-m+fp/hard\libm.a
LOAD c:/gnu-arm-embedded-toolchain/gcc-arm-none-eabi-10-2020-q4-major/bin/../lib/gcc/arm-none-eabi/10.2.1/thumb/v7e-m+fp/hard\libgcc.a

.debug_info     0x00000000    0x1009b
 .debug_info    0x00000000     0x19f1 build/main.o
 .debug_info    0x000019f1      0x76e build/stm32f4xx_it.o
 .debug_info    0x0000215f      0xda2 build/stm32f4xx_hal_msp.o
 .debug_info    0x00002f01      0xbe6 build/stm32f4xx_hal_rcc.o
 .debug_info    0x00003ae7      0x848 build/stm32f4xx_hal_gpio.o
 .debug_info    0x0000432f      0xbd1 build/stm32f4xx_hal_dma.o
 .debug_info    0x00004f00     0x118b build/stm32f4xx_hal_cortex.o
 .debug_info    0x0000608b      0xacf build/stm32f4xx_hal.o
 .debug_info    0x00006b5a      0x5b3 build/system_stm32f4xx.o
 .debug_info    0x0000710d      0x185 build/sysmem.o
 .debug_info    0x00007292     0x432e build/stm32f4xx_hal_uart.o
 .debug_info    0x0000b5c0     0x3b0f build/unity.o
 .debug_info    0x0000f0cf       0xb2 build/fcs.o
 .debug_info    0x0000f181      0x699 build/yahdlc.o
 .debug_info    0x0000f81a      0x16e build/function.o
 .debug_info    0x0000f988      0x6f1 build/function_test.o
 .debug_info    0x00010079       0x22 build/startup_stm32f407xx.o

.debug_abbrev   0x00000000     0x216c
 .debug_abbrev  0x00000000      0x39e build/main.o
 .debug_abbrev  0x0000039e      0x172 build/stm32f4xx_it.o
 .debug_abbrev  0x00000510      0x1c3 build/stm32f4xx_hal_msp.o
 .debug_abbrev  0x000006d3      0x2aa build/stm32f4xx_hal_rcc.o
 .debug_abbrev  0x0000097d      0x22b build/stm32f4xx_hal_gpio.o
 .debug_abbrev  0x00000ba8      0x2ff build/stm32f4xx_hal_dma.o
 .debug_abbrev  0x00000ea7      0x382 build/stm32f4xx_hal_cortex.o
 .debug_abbrev  0x00001229      0x209 build/stm32f4xx_hal.o
 .debug_abbrev  0x00001432      0x11b build/system_stm32f4xx.o
 .debug_abbrev  0x0000154d       0xea build/sysmem.o
 .debug_abbrev  0x00001637      0x356 build/stm32f4xx_hal_uart.o
 .debug_abbrev  0x0000198d      0x3d2 build/unity.o
 .debug_abbrev  0x00001d5f       0x91 build/fcs.o
 .debug_abbrev  0x00001df0      0x1e7 build/yahdlc.o
 .debug_abbrev  0x00001fd7       0x8b build/function.o
 .debug_abbrev  0x00002062       0xf8 build/function_test.o
 .debug_abbrev  0x0000215a       0x12 build/startup_stm32f407xx.o

.debug_loc      0x00000000     0xbc4b
 .debug_loc     0x00000000      0x532 build/main.o
 .debug_loc     0x00000532       0x40 build/stm32f4xx_it.o
 .debug_loc     0x00000572      0x14e build/stm32f4xx_hal_msp.o
 .debug_loc     0x000006c0      0x6e4 build/stm32f4xx_hal_rcc.o
 .debug_loc     0x00000da4      0x5e8 build/stm32f4xx_hal_gpio.o
 .debug_loc     0x0000138c      0xd6d build/stm32f4xx_hal_dma.o
 .debug_loc     0x000020f9      0x7a4 build/stm32f4xx_hal_cortex.o
 .debug_loc     0x0000289d      0x1e1 build/stm32f4xx_hal.o
 .debug_loc     0x00002a7e      0x158 build/system_stm32f4xx.o
 .debug_loc     0x00002bd6       0x84 build/sysmem.o
 .debug_loc     0x00002c5a     0x4d30 build/stm32f4xx_hal_uart.o
 .debug_loc     0x0000798a     0x3735 build/unity.o
 .debug_loc     0x0000b0bf       0x4a build/fcs.o
 .debug_loc     0x0000b109      0x919 build/yahdlc.o
 .debug_loc     0x0000ba22       0xb1 build/function.o
 .debug_loc     0x0000bad3      0x178 build/function_test.o

.debug_aranges  0x00000000      0x928
 .debug_aranges
                0x00000000       0x80 build/main.o
 .debug_aranges
                0x00000080       0x68 build/stm32f4xx_it.o
 .debug_aranges
                0x000000e8       0x30 build/stm32f4xx_hal_msp.o
 .debug_aranges
                0x00000118       0x88 build/stm32f4xx_hal_rcc.o
 .debug_aranges
                0x000001a0       0x58 build/stm32f4xx_hal_gpio.o
 .debug_aranges
                0x000001f8       0x90 build/stm32f4xx_hal_dma.o
 .debug_aranges
                0x00000288       0xb0 build/stm32f4xx_hal_cortex.o
 .debug_aranges
                0x00000338       0xf0 build/stm32f4xx_hal.o
 .debug_aranges
                0x00000428       0x28 build/system_stm32f4xx.o
 .debug_aranges
                0x00000450       0x20 build/sysmem.o
 .debug_aranges
                0x00000470      0x208 build/stm32f4xx_hal_uart.o
 .debug_aranges
                0x00000678      0x160 build/unity.o
 .debug_aranges
                0x000007d8       0x20 build/fcs.o
 .debug_aranges
                0x000007f8       0x68 build/yahdlc.o
 .debug_aranges
                0x00000860       0x38 build/function.o
 .debug_aranges
                0x00000898       0x68 build/function_test.o
 .debug_aranges
                0x00000900       0x28 build/startup_stm32f407xx.o

.debug_ranges   0x00000000      0x960
 .debug_ranges  0x00000000       0x88 build/main.o
 .debug_ranges  0x00000088       0x58 build/stm32f4xx_it.o
 .debug_ranges  0x000000e0       0x20 build/stm32f4xx_hal_msp.o
 .debug_ranges  0x00000100       0x90 build/stm32f4xx_hal_rcc.o
 .debug_ranges  0x00000190       0x48 build/stm32f4xx_hal_gpio.o
 .debug_ranges  0x000001d8       0x80 build/stm32f4xx_hal_dma.o
 .debug_ranges  0x00000258      0x100 build/stm32f4xx_hal_cortex.o
 .debug_ranges  0x00000358       0xe0 build/stm32f4xx_hal.o
 .debug_ranges  0x00000438       0x18 build/system_stm32f4xx.o
 .debug_ranges  0x00000450       0x10 build/sysmem.o
 .debug_ranges  0x00000460      0x210 build/stm32f4xx_hal_uart.o
 .debug_ranges  0x00000670      0x1e8 build/unity.o
 .debug_ranges  0x00000858       0x10 build/fcs.o
 .debug_ranges  0x00000868       0x58 build/yahdlc.o
 .debug_ranges  0x000008c0       0x28 build/function.o
 .debug_ranges  0x000008e8       0x58 build/function_test.o
 .debug_ranges  0x00000940       0x20 build/startup_stm32f407xx.o

.debug_line     0x00000000     0xa70c
 .debug_line    0x00000000      0x985 build/main.o
 .debug_line    0x00000985      0x31e build/stm32f4xx_it.o
 .debug_line    0x00000ca3      0x2f5 build/stm32f4xx_hal_msp.o
 .debug_line    0x00000f98      0xb2c build/stm32f4xx_hal_rcc.o
 .debug_line    0x00001ac4      0x6fd build/stm32f4xx_hal_gpio.o
 .debug_line    0x000021c1      0xe46 build/stm32f4xx_hal_dma.o
 .debug_line    0x00003007      0x7ad build/stm32f4xx_hal_cortex.o
 .debug_line    0x000037b4      0x581 build/stm32f4xx_hal.o
 .debug_line    0x00003d35      0x26c build/system_stm32f4xx.o
 .debug_line    0x00003fa1      0x1ec build/sysmem.o
 .debug_line    0x0000418d     0x42d7 build/stm32f4xx_hal_uart.o
 .debug_line    0x00008464     0x1a80 build/unity.o
 .debug_line    0x00009ee4       0x53 build/fcs.o
 .debug_line    0x00009f37      0x552 build/yahdlc.o
 .debug_line    0x0000a489       0xa2 build/function.o
 .debug_line    0x0000a52b      0x16b build/function_test.o
 .debug_line    0x0000a696       0x76 build/startup_stm32f407xx.o

.debug_str      0x00000000     0x343a
 .debug_str     0x00000000      0xbc5 build/main.o
                                0xc90 (size before relaxing)
 .debug_str     0x00000bc5       0xda build/stm32f4xx_it.o
                                0x70e (size before relaxing)
 .debug_str     0x00000c9f      0x587 build/stm32f4xx_hal_msp.o
                                0xd0e (size before relaxing)
 .debug_str     0x00001226      0x250 build/stm32f4xx_hal_rcc.o
                                0x710 (size before relaxing)
 .debug_str     0x00001476      0x10d build/stm32f4xx_hal_gpio.o
                                0x4ea (size before relaxing)
 .debug_str     0x00001583      0x316 build/stm32f4xx_hal_dma.o
                                0x780 (size before relaxing)
 .debug_str     0x00001899      0x4db build/stm32f4xx_hal_cortex.o
                                0xc4d (size before relaxing)
 .debug_str     0x00001d74      0x295 build/stm32f4xx_hal.o
                                0xb64 (size before relaxing)
 .debug_str     0x00002009       0x47 build/system_stm32f4xx.o
                                0x37f (size before relaxing)
 .debug_str     0x00002050       0x7a build/sysmem.o
                                0x22f (size before relaxing)
 .debug_str     0x000020ca      0x5ce build/stm32f4xx_hal_uart.o
                                0xda5 (size before relaxing)
 .debug_str     0x00002698      0xc21 build/unity.o
                                0xe33 (size before relaxing)
 .debug_str     0x000032b9       0x20 build/fcs.o
                                0x149 (size before relaxing)
 .debug_str     0x000032d9       0xdf build/yahdlc.o
                                0x364 (size before relaxing)
 .debug_str     0x000033b8       0x14 build/function.o
                                0x1b7 (size before relaxing)
 .debug_str     0x000033cc       0x4a build/function_test.o
                                0x3ef (size before relaxing)
 .debug_str     0x00003416       0x24 build/startup_stm32f407xx.o
                                 0x74 (size before relaxing)

.comment        0x00000000       0x4d
 .comment       0x00000000       0x4d build/main.o
                                 0x4e (size before relaxing)
 .comment       0x0000004d       0x4e build/stm32f4xx_it.o
 .comment       0x0000004d       0x4e build/stm32f4xx_hal_msp.o
 .comment       0x0000004d       0x4e build/stm32f4xx_hal_rcc.o
 .comment       0x0000004d       0x4e build/stm32f4xx_hal_gpio.o
 .comment       0x0000004d       0x4e build/stm32f4xx_hal_dma.o
 .comment       0x0000004d       0x4e build/stm32f4xx_hal_cortex.o
 .comment       0x0000004d       0x4e build/stm32f4xx_hal.o
 .comment       0x0000004d       0x4e build/system_stm32f4xx.o
 .comment       0x0000004d       0x4e build/sysmem.o
 .comment       0x0000004d       0x4e build/stm32f4xx_hal_uart.o
 .comment       0x0000004d       0x4e build/unity.o
 .comment       0x0000004d       0x4e build/fcs.o
 .comment       0x0000004d       0x4e build/yahdlc.o
 .comment       0x0000004d       0x4e build/function.o
 .comment       0x0000004d       0x4e build/function_test.o

.debug_frame    0x00000000     0x1cc0
 .debug_frame   0x00000000      0x1b0 build/main.o
 .debug_frame   0x000001b0       0xc0 build/stm32f4xx_it.o
 .debug_frame   0x00000270       0x60 build/stm32f4xx_hal_msp.o
 .debug_frame   0x000002d0      0x16c build/stm32f4xx_hal_rcc.o
 .debug_frame   0x0000043c       0xd8 build/stm32f4xx_hal_gpio.o
 .debug_frame   0x00000514      0x188 build/stm32f4xx_hal_dma.o
 .debug_frame   0x0000069c      0x158 build/stm32f4xx_hal_cortex.o
 .debug_frame   0x000007f4      0x1ec build/stm32f4xx_hal.o
 .debug_frame   0x000009e0       0x30 build/system_stm32f4xx.o
 .debug_frame   0x00000a10       0x28 build/sysmem.o
 .debug_frame   0x00000a38      0x5e4 build/stm32f4xx_hal_uart.o
 .debug_frame   0x0000101c      0x548 build/unity.o
 .debug_frame   0x00001564       0x20 build/fcs.o
 .debug_frame   0x00001584      0x130 build/yahdlc.o
 .debug_frame   0x000016b4       0x50 build/function.o
 .debug_frame   0x00001704      0x11c build/function_test.o
 .debug_frame   0x00001820       0x20 c:/gnu-arm-embedded-toolchain/gcc-arm-none-eabi-10-2020-q4-major/bin/../lib/gcc/arm-none-eabi/10.2.1/../../../../arm-none-eabi/lib/thumb/v7e-m+fp/hard\libc_nano.a(lib_a-errno.o)
 .debug_frame   0x00001840       0x2c c:/gnu-arm-embedded-toolchain/gcc-arm-none-eabi-10-2020-q4-major/bin/../lib/gcc/arm-none-eabi/10.2.1/../../../../arm-none-eabi/lib/thumb/v7e-m+fp/hard\libc_nano.a(lib_a-init.o)
 .debug_frame   0x0000186c       0x20 c:/gnu-arm-embedded-toolchain/gcc-arm-none-eabi-10-2020-q4-major/bin/../lib/gcc/arm-none-eabi/10.2.1/../../../../arm-none-eabi/lib/thumb/v7e-m+fp/hard\libc_nano.a(lib_a-memset.o)
 .debug_frame   0x0000188c       0x2c c:/gnu-arm-embedded-toolchain/gcc-arm-none-eabi-10-2020-q4-major/bin/../lib/gcc/arm-none-eabi/10.2.1/../../../../arm-none-eabi/lib/thumb/v7e-m+fp/hard\libc_nano.a(lib_a-strstr.o)
 .debug_frame   0x000018b8       0x3c c:/gnu-arm-embedded-toolchain/gcc-arm-none-eabi-10-2020-q4-major/bin/../lib/gcc/arm-none-eabi/10.2.1/../../../../arm-none-eabi/lib/thumb/v7e-m+fp/hard\libc_nano.a(lib_a-vsprintf.o)
 .debug_frame   0x000018f4       0x90 c:/gnu-arm-embedded-toolchain/gcc-arm-none-eabi-10-2020-q4-major/bin/../lib/gcc/arm-none-eabi/10.2.1/../../../../arm-none-eabi/lib/thumb/v7e-m+fp/hard\libc_nano.a(lib_a-nano-svfprintf.o)
 .debug_frame   0x00001984       0x60 c:/gnu-arm-embedded-toolchain/gcc-arm-none-eabi-10-2020-q4-major/bin/../lib/gcc/arm-none-eabi/10.2.1/../../../../arm-none-eabi/lib/thumb/v7e-m+fp/hard\libc_nano.a(lib_a-nano-vfprintf_i.o)
 .debug_frame   0x000019e4       0x28 c:/gnu-arm-embedded-toolchain/gcc-arm-none-eabi-10-2020-q4-major/bin/../lib/gcc/arm-none-eabi/10.2.1/../../../../arm-none-eabi/lib/thumb/v7e-m+fp/hard\libc_nano.a(lib_a-memcpy-stub.o)
 .debug_frame   0x00001a0c       0x28 c:/gnu-arm-embedded-toolchain/gcc-arm-none-eabi-10-2020-q4-major/bin/../lib/gcc/arm-none-eabi/10.2.1/../../../../arm-none-eabi/lib/thumb/v7e-m+fp/hard\libc_nano.a(lib_a-memmove.o)
 .debug_frame   0x00001a34       0x38 c:/gnu-arm-embedded-toolchain/gcc-arm-none-eabi-10-2020-q4-major/bin/../lib/gcc/arm-none-eabi/10.2.1/../../../../arm-none-eabi/lib/thumb/v7e-m+fp/hard\libc_nano.a(lib_a-nano-freer.o)
 .debug_frame   0x00001a6c       0x30 c:/gnu-arm-embedded-toolchain/gcc-arm-none-eabi-10-2020-q4-major/bin/../lib/gcc/arm-none-eabi/10.2.1/../../../../arm-none-eabi/lib/thumb/v7e-m+fp/hard\libc_nano.a(lib_a-nano-mallocr.o)
 .debug_frame   0x00001a9c       0x3c c:/gnu-arm-embedded-toolchain/gcc-arm-none-eabi-10-2020-q4-major/bin/../lib/gcc/arm-none-eabi/10.2.1/../../../../arm-none-eabi/lib/thumb/v7e-m+fp/hard\libc_nano.a(lib_a-nano-reallocr.o)
 .debug_frame   0x00001ad8       0x2c c:/gnu-arm-embedded-toolchain/gcc-arm-none-eabi-10-2020-q4-major/bin/../lib/gcc/arm-none-eabi/10.2.1/../../../../arm-none-eabi/lib/thumb/v7e-m+fp/hard\libc_nano.a(lib_a-sbrkr.o)
 .debug_frame   0x00001b04       0x30 c:/gnu-arm-embedded-toolchain/gcc-arm-none-eabi-10-2020-q4-major/bin/../lib/gcc/arm-none-eabi/10.2.1/../../../../arm-none-eabi/lib/thumb/v7e-m+fp/hard\libc_nano.a(lib_a-mlock.o)
 .debug_frame   0x00001b34       0x20 c:/gnu-arm-embedded-toolchain/gcc-arm-none-eabi-10-2020-q4-major/bin/../lib/gcc/arm-none-eabi/10.2.1/../../../../arm-none-eabi/lib/thumb/v7e-m+fp/hard\libc_nano.a(lib_a-nano-msizer.o)
 .debug_frame   0x00001b54       0x5c c:/gnu-arm-embedded-toolchain/gcc-arm-none-eabi-10-2020-q4-major/bin/../lib/gcc/arm-none-eabi/10.2.1/../../../../arm-none-eabi/lib/thumb/v7e-m+fp/hard\libc_nano.a(lib_a-reent.o)
 .debug_frame   0x00001bb0       0xb0 c:/gnu-arm-embedded-toolchain/gcc-arm-none-eabi-10-2020-q4-major/bin/../lib/gcc/arm-none-eabi/10.2.1/../../../../arm-none-eabi/lib/thumb/v7e-m+fp/hard\libc_nano.a(lib_a-lock.o)
 .debug_frame   0x00001c60       0x2c c:/gnu-arm-embedded-toolchain/gcc-arm-none-eabi-10-2020-q4-major/bin/../lib/gcc/arm-none-eabi/10.2.1/thumb/v7e-m+fp/hard\libgcc.a(_aeabi_uldivmod.o)
 .debug_frame   0x00001c8c       0x34 c:/gnu-arm-embedded-toolchain/gcc-arm-none-eabi-10-2020-q4-major/bin/../lib/gcc/arm-none-eabi/10.2.1/thumb/v7e-m+fp/hard\libgcc.a(_udivmoddi4.o)

Cross Reference Table

Symbol                                            File
ADC_IRQHandler                                    build/startup_stm32f407xx.o
AHBPrescTable                                     build/system_stm32f4xx.o
                                                  build/stm32f4xx_hal_rcc.o
APBPrescTable                                     build/system_stm32f4xx.o
                                                  build/stm32f4xx_hal_rcc.o
BusFault_Handler                                  build/stm32f4xx_it.o
CAN1_RX0_IRQHandler                               build/startup_stm32f407xx.o
CAN1_RX1_IRQHandler                               build/startup_stm32f407xx.o
CAN1_SCE_IRQHandler                               build/startup_stm32f407xx.o
CAN1_TX_IRQHandler                                build/startup_stm32f407xx.o
CAN2_RX0_IRQHandler                               build/startup_stm32f407xx.o
CAN2_RX1_IRQHandler                               build/startup_stm32f407xx.o
CAN2_SCE_IRQHandler                               build/startup_stm32f407xx.o
CAN2_TX_IRQHandler                                build/startup_stm32f407xx.o
DCMI_IRQHandler                                   build/startup_stm32f407xx.o
DMA1_Stream0_IRQHandler                           build/startup_stm32f407xx.o
DMA1_Stream1_IRQHandler                           build/startup_stm32f407xx.o
DMA1_Stream2_IRQHandler                           build/startup_stm32f407xx.o
DMA1_Stream3_IRQHandler                           build/startup_stm32f407xx.o
DMA1_Stream4_IRQHandler                           build/startup_stm32f407xx.o
DMA1_Stream5_IRQHandler                           build/startup_stm32f407xx.o
DMA1_Stream6_IRQHandler                           build/startup_stm32f407xx.o
DMA1_Stream7_IRQHandler                           build/startup_stm32f407xx.o
DMA2_Stream0_IRQHandler                           build/startup_stm32f407xx.o
DMA2_Stream1_IRQHandler                           build/startup_stm32f407xx.o
DMA2_Stream2_IRQHandler                           build/startup_stm32f407xx.o
DMA2_Stream3_IRQHandler                           build/startup_stm32f407xx.o
DMA2_Stream4_IRQHandler                           build/startup_stm32f407xx.o
DMA2_Stream5_IRQHandler                           build/startup_stm32f407xx.o
DMA2_Stream6_IRQHandler                           build/startup_stm32f407xx.o
DMA2_Stream7_IRQHandler                           build/startup_stm32f407xx.o
DebugMon_Handler                                  build/stm32f4xx_it.o
Default_Handler                                   build/startup_stm32f407xx.o
ETH_IRQHandler                                    build/startup_stm32f407xx.o
ETH_WKUP_IRQHandler                               build/startup_stm32f407xx.o
EXTI0_IRQHandler                                  build/startup_stm32f407xx.o
EXTI15_10_IRQHandler                              build/startup_stm32f407xx.o
EXTI1_IRQHandler                                  build/startup_stm32f407xx.o
EXTI2_IRQHandler                                  build/startup_stm32f407xx.o
EXTI3_IRQHandler                                  build/startup_stm32f407xx.o
EXTI4_IRQHandler                                  build/startup_stm32f407xx.o
EXTI9_5_IRQHandler                                build/startup_stm32f407xx.o
Error_Handler                                     build/main.o
FLASH_Erase_Sector                                build/stm32f4xx_hal_flash_ex.o
                                                  build/stm32f4xx_hal_flash.o
FLASH_FlushCaches                                 build/stm32f4xx_hal_flash_ex.o
                                                  build/stm32f4xx_hal_flash.o
FLASH_IRQHandler                                  build/startup_stm32f407xx.o
FLASH_WaitForLastOperation                        build/stm32f4xx_hal_flash.o
                                                  build/stm32f4xx_hal_flash_ex.o
FPU_IRQHandler                                    build/startup_stm32f407xx.o
FSMC_IRQHandler                                   build/startup_stm32f407xx.o
HAL_CORTEX_ClearEvent                             build/stm32f4xx_hal_cortex.o
HAL_DBGMCU_DisableDBGSleepMode                    build/stm32f4xx_hal.o
HAL_DBGMCU_DisableDBGStandbyMode                  build/stm32f4xx_hal.o
HAL_DBGMCU_DisableDBGStopMode                     build/stm32f4xx_hal.o
HAL_DBGMCU_EnableDBGSleepMode                     build/stm32f4xx_hal.o
HAL_DBGMCU_EnableDBGStandbyMode                   build/stm32f4xx_hal.o
HAL_DBGMCU_EnableDBGStopMode                      build/stm32f4xx_hal.o
HAL_DMAEx_ChangeMemory                            build/stm32f4xx_hal_dma_ex.o
HAL_DMAEx_MultiBufferStart                        build/stm32f4xx_hal_dma_ex.o
HAL_DMAEx_MultiBufferStart_IT                     build/stm32f4xx_hal_dma_ex.o
HAL_DMA_Abort                                     build/stm32f4xx_hal_dma.o
                                                  build/stm32f4xx_hal_uart.o
HAL_DMA_Abort_IT                                  build/stm32f4xx_hal_dma.o
                                                  build/stm32f4xx_hal_uart.o
HAL_DMA_DeInit                                    build/stm32f4xx_hal_dma.o
HAL_DMA_GetError                                  build/stm32f4xx_hal_dma.o
                                                  build/stm32f4xx_hal_uart.o
HAL_DMA_GetState                                  build/stm32f4xx_hal_dma.o
HAL_DMA_IRQHandler                                build/stm32f4xx_hal_dma.o
HAL_DMA_Init                                      build/stm32f4xx_hal_dma.o
HAL_DMA_PollForTransfer                           build/stm32f4xx_hal_dma.o
HAL_DMA_RegisterCallback                          build/stm32f4xx_hal_dma.o
HAL_DMA_Start                                     build/stm32f4xx_hal_dma.o
HAL_DMA_Start_IT                                  build/stm32f4xx_hal_dma.o
                                                  build/stm32f4xx_hal_uart.o
HAL_DMA_UnRegisterCallback                        build/stm32f4xx_hal_dma.o
HAL_DeInit                                        build/stm32f4xx_hal.o
HAL_Delay                                         build/stm32f4xx_hal.o
                                                  build/main.o
HAL_DisableCompensationCell                       build/stm32f4xx_hal.o
HAL_EXTI_ClearConfigLine                          build/stm32f4xx_hal_exti.o
HAL_EXTI_ClearPending                             build/stm32f4xx_hal_exti.o
HAL_EXTI_GenerateSWI                              build/stm32f4xx_hal_exti.o
HAL_EXTI_GetConfigLine                            build/stm32f4xx_hal_exti.o
HAL_EXTI_GetHandle                                build/stm32f4xx_hal_exti.o
HAL_EXTI_GetPending                               build/stm32f4xx_hal_exti.o
HAL_EXTI_IRQHandler                               build/stm32f4xx_hal_exti.o
HAL_EXTI_RegisterCallback                         build/stm32f4xx_hal_exti.o
HAL_EXTI_SetConfigLine                            build/stm32f4xx_hal_exti.o
HAL_EnableCompensationCell                        build/stm32f4xx_hal.o
HAL_FLASHEx_Erase                                 build/stm32f4xx_hal_flash_ex.o
HAL_FLASHEx_Erase_IT                              build/stm32f4xx_hal_flash_ex.o
HAL_FLASHEx_OBGetConfig                           build/stm32f4xx_hal_flash_ex.o
HAL_FLASHEx_OBProgram                             build/stm32f4xx_hal_flash_ex.o
HAL_FLASH_EndOfOperationCallback                  build/stm32f4xx_hal_flash.o
HAL_FLASH_GetError                                build/stm32f4xx_hal_flash.o
HAL_FLASH_IRQHandler                              build/stm32f4xx_hal_flash.o
HAL_FLASH_Lock                                    build/stm32f4xx_hal_flash.o
HAL_FLASH_OB_Launch                               build/stm32f4xx_hal_flash.o
HAL_FLASH_OB_Lock                                 build/stm32f4xx_hal_flash.o
HAL_FLASH_OB_Unlock                               build/stm32f4xx_hal_flash.o
HAL_FLASH_OperationErrorCallback                  build/stm32f4xx_hal_flash.o
HAL_FLASH_Program                                 build/stm32f4xx_hal_flash.o
HAL_FLASH_Program_IT                              build/stm32f4xx_hal_flash.o
HAL_FLASH_Unlock                                  build/stm32f4xx_hal_flash.o
HAL_GPIO_DeInit                                   build/stm32f4xx_hal_gpio.o
                                                  build/stm32f4xx_hal_msp.o
HAL_GPIO_EXTI_Callback                            build/stm32f4xx_hal_gpio.o
HAL_GPIO_EXTI_IRQHandler                          build/stm32f4xx_hal_gpio.o
HAL_GPIO_Init                                     build/stm32f4xx_hal_gpio.o
                                                  build/stm32f4xx_hal_rcc.o
                                                  build/stm32f4xx_hal_msp.o
                                                  build/main.o
HAL_GPIO_LockPin                                  build/stm32f4xx_hal_gpio.o
HAL_GPIO_ReadPin                                  build/stm32f4xx_hal_gpio.o
HAL_GPIO_TogglePin                                build/stm32f4xx_hal_gpio.o
                                                  build/main.o
HAL_GPIO_WritePin                                 build/stm32f4xx_hal_gpio.o
                                                  build/main.o
HAL_GetDEVID                                      build/stm32f4xx_hal.o
HAL_GetHalVersion                                 build/stm32f4xx_hal.o
HAL_GetREVID                                      build/stm32f4xx_hal.o
HAL_GetTick                                       build/stm32f4xx_hal.o
                                                  build/stm32f4xx_hal_uart.o
                                                  build/stm32f4xx_hal_pwr_ex.o
                                                  build/stm32f4xx_hal_dma.o
                                                  build/stm32f4xx_hal_flash.o
                                                  build/stm32f4xx_hal_rcc_ex.o
                                                  build/stm32f4xx_hal_rcc.o
HAL_GetTickFreq                                   build/stm32f4xx_hal.o
HAL_GetTickPrio                                   build/stm32f4xx_hal.o
HAL_GetUIDw0                                      build/stm32f4xx_hal.o
HAL_GetUIDw1                                      build/stm32f4xx_hal.o
HAL_GetUIDw2                                      build/stm32f4xx_hal.o
HAL_HalfDuplex_EnableReceiver                     build/stm32f4xx_hal_uart.o
HAL_HalfDuplex_EnableTransmitter                  build/stm32f4xx_hal_uart.o
HAL_HalfDuplex_Init                               build/stm32f4xx_hal_uart.o
HAL_IncTick                                       build/stm32f4xx_hal.o
                                                  build/stm32f4xx_it.o
HAL_Init                                          build/stm32f4xx_hal.o
                                                  build/main.o
HAL_InitTick                                      build/stm32f4xx_hal.o
                                                  build/stm32f4xx_hal_rcc_ex.o
                                                  build/stm32f4xx_hal_rcc.o
HAL_LIN_Init                                      build/stm32f4xx_hal_uart.o
HAL_LIN_SendBreak                                 build/stm32f4xx_hal_uart.o
HAL_MPU_ConfigRegion                              build/stm32f4xx_hal_cortex.o
HAL_MPU_Disable                                   build/stm32f4xx_hal_cortex.o
HAL_MPU_Enable                                    build/stm32f4xx_hal_cortex.o
HAL_MspDeInit                                     build/stm32f4xx_hal.o
HAL_MspInit                                       build/stm32f4xx_hal_msp.o
HAL_MultiProcessor_EnterMuteMode                  build/stm32f4xx_hal_uart.o
HAL_MultiProcessor_ExitMuteMode                   build/stm32f4xx_hal_uart.o
HAL_MultiProcessor_Init                           build/stm32f4xx_hal_uart.o
HAL_NVIC_ClearPendingIRQ                          build/stm32f4xx_hal_cortex.o
HAL_NVIC_DisableIRQ                               build/stm32f4xx_hal_cortex.o
                                                  build/stm32f4xx_hal_msp.o
HAL_NVIC_EnableIRQ                                build/stm32f4xx_hal_cortex.o
                                                  build/stm32f4xx_hal_msp.o
HAL_NVIC_GetActive                                build/stm32f4xx_hal_cortex.o
HAL_NVIC_GetPendingIRQ                            build/stm32f4xx_hal_cortex.o
HAL_NVIC_GetPriority                              build/stm32f4xx_hal_cortex.o
HAL_NVIC_GetPriorityGrouping                      build/stm32f4xx_hal_cortex.o
HAL_NVIC_SetPendingIRQ                            build/stm32f4xx_hal_cortex.o
HAL_NVIC_SetPriority                              build/stm32f4xx_hal_cortex.o
                                                  build/stm32f4xx_hal.o
                                                  build/stm32f4xx_hal_msp.o
HAL_NVIC_SetPriorityGrouping                      build/stm32f4xx_hal_cortex.o
                                                  build/stm32f4xx_hal.o
HAL_NVIC_SystemReset                              build/stm32f4xx_hal_cortex.o
HAL_PWREx_ControlVoltageScaling                   build/stm32f4xx_hal_pwr_ex.o
HAL_PWREx_DisableBkUpReg                          build/stm32f4xx_hal_pwr_ex.o
HAL_PWREx_DisableFlashPowerDown                   build/stm32f4xx_hal_pwr_ex.o
HAL_PWREx_EnableBkUpReg                           build/stm32f4xx_hal_pwr_ex.o
HAL_PWREx_EnableFlashPowerDown                    build/stm32f4xx_hal_pwr_ex.o
HAL_PWREx_GetVoltageRange                         build/stm32f4xx_hal_pwr_ex.o
HAL_PWR_ConfigPVD                                 build/stm32f4xx_hal_pwr.o
HAL_PWR_DeInit                                    build/stm32f4xx_hal_pwr.o
HAL_PWR_DisableBkUpAccess                         build/stm32f4xx_hal_pwr.o
HAL_PWR_DisablePVD                                build/stm32f4xx_hal_pwr.o
HAL_PWR_DisableSEVOnPend                          build/stm32f4xx_hal_pwr.o
HAL_PWR_DisableSleepOnExit                        build/stm32f4xx_hal_pwr.o
HAL_PWR_DisableWakeUpPin                          build/stm32f4xx_hal_pwr.o
HAL_PWR_EnableBkUpAccess                          build/stm32f4xx_hal_pwr.o
HAL_PWR_EnablePVD                                 build/stm32f4xx_hal_pwr.o
HAL_PWR_EnableSEVOnPend                           build/stm32f4xx_hal_pwr.o
HAL_PWR_EnableSleepOnExit                         build/stm32f4xx_hal_pwr.o
HAL_PWR_EnableWakeUpPin                           build/stm32f4xx_hal_pwr.o
HAL_PWR_EnterSLEEPMode                            build/stm32f4xx_hal_pwr.o
HAL_PWR_EnterSTANDBYMode                          build/stm32f4xx_hal_pwr.o
HAL_PWR_EnterSTOPMode                             build/stm32f4xx_hal_pwr.o
HAL_PWR_PVDCallback                               build/stm32f4xx_hal_pwr.o
HAL_PWR_PVD_IRQHandler                            build/stm32f4xx_hal_pwr.o
HAL_RCCEx_DisablePLLI2S                           build/stm32f4xx_hal_rcc_ex.o
HAL_RCCEx_EnablePLLI2S                            build/stm32f4xx_hal_rcc_ex.o
HAL_RCCEx_GetPeriphCLKConfig                      build/stm32f4xx_hal_rcc_ex.o
HAL_RCCEx_GetPeriphCLKFreq                        build/stm32f4xx_hal_rcc_ex.o
HAL_RCCEx_PeriphCLKConfig                         build/stm32f4xx_hal_rcc_ex.o
HAL_RCC_CSSCallback                               build/stm32f4xx_hal_rcc.o
HAL_RCC_ClockConfig                               build/stm32f4xx_hal_rcc.o
                                                  build/main.o
HAL_RCC_DeInit                                    build/stm32f4xx_hal_rcc_ex.o
                                                  build/stm32f4xx_hal_rcc.o
HAL_RCC_DisableCSS                                build/stm32f4xx_hal_rcc.o
HAL_RCC_EnableCSS                                 build/stm32f4xx_hal_rcc.o
HAL_RCC_GetClockConfig                            build/stm32f4xx_hal_rcc.o
HAL_RCC_GetHCLKFreq                               build/stm32f4xx_hal_rcc.o
HAL_RCC_GetOscConfig                              build/stm32f4xx_hal_rcc.o
HAL_RCC_GetPCLK1Freq                              build/stm32f4xx_hal_rcc.o
                                                  build/stm32f4xx_hal_uart.o
HAL_RCC_GetPCLK2Freq                              build/stm32f4xx_hal_rcc.o
                                                  build/stm32f4xx_hal_uart.o
HAL_RCC_GetSysClockFreq                           build/stm32f4xx_hal_rcc.o
HAL_RCC_MCOConfig                                 build/stm32f4xx_hal_rcc.o
HAL_RCC_NMI_IRQHandler                            build/stm32f4xx_hal_rcc.o
HAL_RCC_OscConfig                                 build/stm32f4xx_hal_rcc.o
                                                  build/main.o
HAL_ResumeTick                                    build/stm32f4xx_hal.o
HAL_SYSTICK_CLKSourceConfig                       build/stm32f4xx_hal_cortex.o
HAL_SYSTICK_Callback                              build/stm32f4xx_hal_cortex.o
HAL_SYSTICK_Config                                build/stm32f4xx_hal_cortex.o
                                                  build/stm32f4xx_hal.o
HAL_SYSTICK_IRQHandler                            build/stm32f4xx_hal_cortex.o
HAL_SetTickFreq                                   build/stm32f4xx_hal.o
HAL_SuspendTick                                   build/stm32f4xx_hal.o
HAL_UARTEx_GetRxEventType                         build/stm32f4xx_hal_uart.o
HAL_UARTEx_ReceiveToIdle                          build/stm32f4xx_hal_uart.o
HAL_UARTEx_ReceiveToIdle_DMA                      build/stm32f4xx_hal_uart.o
HAL_UARTEx_ReceiveToIdle_IT                       build/stm32f4xx_hal_uart.o
HAL_UARTEx_RxEventCallback                        build/stm32f4xx_hal_uart.o
HAL_UART_Abort                                    build/stm32f4xx_hal_uart.o
HAL_UART_AbortCpltCallback                        build/stm32f4xx_hal_uart.o
HAL_UART_AbortReceive                             build/stm32f4xx_hal_uart.o
HAL_UART_AbortReceiveCpltCallback                 build/stm32f4xx_hal_uart.o
HAL_UART_AbortReceive_IT                          build/stm32f4xx_hal_uart.o
HAL_UART_AbortTransmit                            build/stm32f4xx_hal_uart.o
HAL_UART_AbortTransmitCpltCallback                build/stm32f4xx_hal_uart.o
HAL_UART_AbortTransmit_IT                         build/stm32f4xx_hal_uart.o
HAL_UART_Abort_IT                                 build/stm32f4xx_hal_uart.o
HAL_UART_DMAPause                                 build/stm32f4xx_hal_uart.o
HAL_UART_DMAResume                                build/stm32f4xx_hal_uart.o
HAL_UART_DMAStop                                  build/stm32f4xx_hal_uart.o
HAL_UART_DeInit                                   build/stm32f4xx_hal_uart.o
HAL_UART_ErrorCallback                            build/stm32f4xx_hal_uart.o
HAL_UART_GetError                                 build/stm32f4xx_hal_uart.o
HAL_UART_GetState                                 build/stm32f4xx_hal_uart.o
HAL_UART_IRQHandler                               build/stm32f4xx_hal_uart.o
                                                  build/stm32f4xx_it.o
HAL_UART_Init                                     build/stm32f4xx_hal_uart.o
                                                  build/main.o
HAL_UART_MspDeInit                                build/stm32f4xx_hal_msp.o
HAL_UART_MspInit                                  build/stm32f4xx_hal_msp.o
HAL_UART_Receive                                  build/stm32f4xx_hal_uart.o
HAL_UART_Receive_DMA                              build/stm32f4xx_hal_uart.o
HAL_UART_Receive_IT                               build/stm32f4xx_hal_uart.o
                                                  build/main.o
HAL_UART_RxCpltCallback                           build/main.o
HAL_UART_RxHalfCpltCallback                       build/stm32f4xx_hal_uart.o
HAL_UART_Transmit                                 build/stm32f4xx_hal_uart.o
                                                  build/main.o
HAL_UART_Transmit_DMA                             build/stm32f4xx_hal_uart.o
HAL_UART_Transmit_IT                              build/stm32f4xx_hal_uart.o
HAL_UART_TxCpltCallback                           build/stm32f4xx_hal_uart.o
HAL_UART_TxHalfCpltCallback                       build/stm32f4xx_hal_uart.o
HASH_RNG_IRQHandler                               build/startup_stm32f407xx.o
HardFault_Handler                                 build/stm32f4xx_it.o
I2C1_ER_IRQHandler                                build/startup_stm32f407xx.o
I2C1_EV_IRQHandler                                build/startup_stm32f407xx.o
I2C2_ER_IRQHandler                                build/startup_stm32f407xx.o
I2C2_EV_IRQHandler                                build/startup_stm32f407xx.o
I2C3_ER_IRQHandler                                build/startup_stm32f407xx.o
I2C3_EV_IRQHandler                                build/startup_stm32f407xx.o
MemManage_Handler                                 build/stm32f4xx_it.o
NMI_Handler                                       build/stm32f4xx_it.o
OTG_FS_IRQHandler                                 build/startup_stm32f407xx.o
OTG_FS_WKUP_IRQHandler                            build/startup_stm32f407xx.o
OTG_HS_EP1_IN_IRQHandler                          build/startup_stm32f407xx.o
OTG_HS_EP1_OUT_IRQHandler                         build/startup_stm32f407xx.o
OTG_HS_IRQHandler                                 build/startup_stm32f407xx.o
OTG_HS_WKUP_IRQHandler                            build/startup_stm32f407xx.o
PVD_IRQHandler                                    build/startup_stm32f407xx.o
PendSV_Handler                                    build/stm32f4xx_it.o
ProcessDataFromUART                               build/main.o
RCC_IRQHandler                                    build/startup_stm32f407xx.o
RTC_Alarm_IRQHandler                              build/startup_stm32f407xx.o
RTC_WKUP_IRQHandler                               build/startup_stm32f407xx.o
Reset_Handler                                     build/startup_stm32f407xx.o
SDIO_IRQHandler                                   build/startup_stm32f407xx.o
SPI1_IRQHandler                                   build/startup_stm32f407xx.o
SPI2_IRQHandler                                   build/startup_stm32f407xx.o
SPI3_IRQHandler                                   build/startup_stm32f407xx.o
SVC_Handler                                       build/stm32f4xx_it.o
SysTick_Handler                                   build/stm32f4xx_it.o
SystemClock_Config                                build/main.o
SystemCoreClock                                   build/system_stm32f4xx.o
                                                  build/stm32f4xx_hal.o
                                                  build/stm32f4xx_hal_dma.o
                                                  build/stm32f4xx_hal_rcc_ex.o
                                                  build/stm32f4xx_hal_rcc.o
SystemCoreClockUpdate                             build/system_stm32f4xx.o
SystemInit                                        build/system_stm32f4xx.o
                                                  build/startup_stm32f407xx.o
TAMP_STAMP_IRQHandler                             build/startup_stm32f407xx.o
TIM1_BRK_TIM9_IRQHandler                          build/startup_stm32f407xx.o
TIM1_CC_IRQHandler                                build/startup_stm32f407xx.o
TIM1_TRG_COM_TIM11_IRQHandler                     build/startup_stm32f407xx.o
TIM1_UP_TIM10_IRQHandler                          build/startup_stm32f407xx.o
TIM2_IRQHandler                                   build/startup_stm32f407xx.o
TIM3_IRQHandler                                   build/startup_stm32f407xx.o
TIM4_IRQHandler                                   build/startup_stm32f407xx.o
TIM5_IRQHandler                                   build/startup_stm32f407xx.o
TIM6_DAC_IRQHandler                               build/startup_stm32f407xx.o
TIM7_IRQHandler                                   build/startup_stm32f407xx.o
TIM8_BRK_TIM12_IRQHandler                         build/startup_stm32f407xx.o
TIM8_CC_IRQHandler                                build/startup_stm32f407xx.o
TIM8_TRG_COM_TIM14_IRQHandler                     build/startup_stm32f407xx.o
TIM8_UP_TIM13_IRQHandler                          build/startup_stm32f407xx.o
UART4_IRQHandler                                  build/startup_stm32f407xx.o
UART5_IRQHandler                                  build/startup_stm32f407xx.o
UART_Start_Receive_DMA                            build/stm32f4xx_hal_uart.o
UART_Start_Receive_IT                             build/stm32f4xx_hal_uart.o
USART1_IRQHandler                                 build/stm32f4xx_it.o
USART2_IRQHandler                                 build/startup_stm32f407xx.o
USART3_IRQHandler                                 build/startup_stm32f407xx.o
USART6_IRQHandler                                 build/startup_stm32f407xx.o
Unity                                             build/unity.o
UnityAssertBits                                   build/unity.o
UnityAssertEqualIntArray                          build/unity.o
UnityAssertEqualMemory                            build/unity.o
UnityAssertEqualNumber                            build/unity.o
                                                  build/function_test.o
UnityAssertEqualString                            build/unity.o
UnityAssertEqualStringArray                       build/unity.o
UnityAssertEqualStringLen                         build/unity.o
UnityAssertFloatSpecial                           build/unity.o
UnityAssertFloatsNotWithin                        build/unity.o
UnityAssertFloatsWithin                           build/unity.o
UnityAssertGreaterOrLessFloat                     build/unity.o
UnityAssertGreaterOrLessOrEqualNumber             build/unity.o
UnityAssertNumbersArrayWithin                     build/unity.o
UnityAssertNumbersWithin                          build/unity.o
UnityAssertWithinFloatArray                       build/unity.o
UnityBegin                                        build/unity.o
                                                  build/function_test.o
UnityConcludeTest                                 build/unity.o
UnityDefaultTestRun                               build/unity.o
                                                  build/function_test.o
UnityEnd                                          build/unity.o
                                                  build/function_test.o
UnityFail                                         build/unity.o
UnityFloatToPtr                                   build/unity.o
UnityIgnore                                       build/unity.o
UnityMessage                                      build/unity.o
UnityNumToPtr                                     build/unity.o
UnityPrint                                        build/unity.o
UnityPrintFloat                                   build/unity.o
UnityPrintLen                                     build/unity.o
UnityPrintMask                                    build/unity.o
UnityPrintNumber                                  build/unity.o
UnityPrintNumberByStyle                           build/unity.o
UnityPrintNumberHex                               build/unity.o
UnityPrintNumberUnsigned                          build/unity.o
UnitySetTestFile                                  build/unity.o
UnityStrErr64                                     build/unity.o
UnityStrErrDouble                                 build/unity.o
UnityStrErrFloat                                  build/unity.o
UnityStrErrShorthand                              build/unity.o
UnityStrFail                                      build/unity.o
UnityStrIgnore                                    build/unity.o
UnityStrOk                                        build/unity.o
UnityStrPass                                      build/unity.o
UsageFault_Handler                                build/stm32f4xx_it.o
WWDG_IRQHandler                                   build/startup_stm32f407xx.o
_Min_Stack_Size                                   build/sysmem.o
__aeabi_idiv0                                     c:/gnu-arm-embedded-toolchain/gcc-arm-none-eabi-10-2020-q4-major/bin/../lib/gcc/arm-none-eabi/10.2.1/thumb/v7e-m+fp/hard\libgcc.a(_dvmd_tls.o)
__aeabi_ldiv0                                     c:/gnu-arm-embedded-toolchain/gcc-arm-none-eabi-10-2020-q4-major/bin/../lib/gcc/arm-none-eabi/10.2.1/thumb/v7e-m+fp/hard\libgcc.a(_dvmd_tls.o)
                                                  c:/gnu-arm-embedded-toolchain/gcc-arm-none-eabi-10-2020-q4-major/bin/../lib/gcc/arm-none-eabi/10.2.1/thumb/v7e-m+fp/hard\libgcc.a(_aeabi_uldivmod.o)
__aeabi_uldivmod                                  c:/gnu-arm-embedded-toolchain/gcc-arm-none-eabi-10-2020-q4-major/bin/../lib/gcc/arm-none-eabi/10.2.1/thumb/v7e-m+fp/hard\libgcc.a(_aeabi_uldivmod.o)
                                                  build/stm32f4xx_hal_uart.o
                                                  build/stm32f4xx_hal_rcc.o
__bss_end__                                       c:/gnu-arm-embedded-toolchain/gcc-arm-none-eabi-10-2020-q4-major/bin/../lib/gcc/arm-none-eabi/10.2.1/../../../../arm-none-eabi/lib/thumb/v7e-m+fp/hard/crt0.o
__bss_start__                                     c:/gnu-arm-embedded-toolchain/gcc-arm-none-eabi-10-2020-q4-major/bin/../lib/gcc/arm-none-eabi/10.2.1/../../../../arm-none-eabi/lib/thumb/v7e-m+fp/hard/crt0.o